[01:07:14] [modloading-worker-0/INFO] ========================================
[01:07:14] [modloading-worker-0/INFO] Minecraft: 1.18.2
[01:07:14] [modloading-worker-0/INFO] Side: server
[01:07:14] [modloading-worker-0/INFO] Development: false
[01:07:14] [modloading-worker-0/INFO] Version: 8.3.618
[01:07:14] [modloading-worker-0/INFO] Loader:
[01:07:14] [modloading-worker-0/INFO] - Forge: 40.2.21
[01:07:14] [modloading-worker-0/INFO] Dependencies:
[01:07:14] [modloading-worker-0/INFO] - Cloth Config: 6.5.102
[01:07:14] [modloading-worker-0/INFO] - Architectury: 4.11.93
[01:07:14] [modloading-worker-0/INFO] Mixin: 0.8.5
[01:07:14] [modloading-worker-0/INFO] OS: Linux 6.8.0-1030-azure (amd64)
[01:07:14] [modloading-worker-0/INFO] Java: 17.0.16 (Ubuntu)
[01:07:14] [modloading-worker-0/INFO] ========================================
[01:07:14] [modloading-worker-0/INFO] Mods:
[01:07:14] [modloading-worker-0/INFO] - additional_lights: 2.1.4
[01:07:14] [modloading-worker-0/INFO] - additionalbars: 3.0.1-beta
[01:07:14] [modloading-worker-0/INFO] - adhooks: 8.0.0.0
[01:07:14] [modloading-worker-0/INFO] - ageofweapons: 0.7.2
[01:07:14] [modloading-worker-0/INFO] - aiimprovements: 0.5.2
[01:07:14] [modloading-worker-0/INFO] - alcocraft: 1.0.0
[01:07:14] [modloading-worker-0/INFO] - alexsmobs: 1.18.6
[01:07:14] [modloading-worker-0/INFO] - alternate_current: 0.0NONE
[01:07:14] [modloading-worker-0/INFO] - ambientsounds: 5.0.16
[01:07:14] [modloading-worker-0/INFO] - aqcaracal: 1.18.2-1.0-forge
[01:07:14] [modloading-worker-0/INFO] - aqua_creepers: 2.0.0
[01:07:14] [modloading-worker-0/INFO] - aquaculture: 1.18.2-2.3.12
[01:07:14] [modloading-worker-0/INFO] - aquamirae: 5.api10
[01:07:14] [modloading-worker-0/INFO] - architectury: 4.11.93
[01:07:14] [modloading-worker-0/INFO] - artifacts: 1.18.2-4.2.2
[01:07:14] [modloading-worker-0/INFO] - asynclocator: 1.18.2-1.1.0
[01:07:14] [modloading-worker-0/INFO] - atmospheric: 4.0.0
[01:07:14] [modloading-worker-0/INFO] - autoreglib: 1.7-52
[01:07:14] [modloading-worker-0/INFO] - awesomedungeon: 3.2.0
[01:07:14] [modloading-worker-0/INFO] - awesomedungeonend: 3.1.1
[01:07:14] [modloading-worker-0/INFO] - awesomedungeonnether: 3.1.1
[01:07:14] [modloading-worker-0/INFO] - ba_bt: 1.18.2-2.3.12
[01:07:14] [modloading-worker-0/INFO] - balm: 3.2.6
[01:07:14] [modloading-worker-0/INFO] - bcc: 1.1.21-build.48+mc1.18.2
[01:07:14] [modloading-worker-0/INFO] - betteradvancements: 0.2.0.146
[01:07:14] [modloading-worker-0/INFO] - betterbiomeblend: 1.3.5-forge
[01:07:14] [modloading-worker-0/INFO] - betterdeserttemples: 1.18.2-Forge-1.3.1
[01:07:14] [modloading-worker-0/INFO] - betterfortresses: 1.18.2-Forge-1.0.0
[01:07:14] [modloading-worker-0/INFO] - bettermineshafts: 1.18.2-Forge-2.2
[01:07:14] [modloading-worker-0/INFO] - betteroceanmonuments: 1.18.2-Forge-1.0.3
[01:07:14] [modloading-worker-0/INFO] - betterstrongholds: 1.18.2-Forge-2.1.1
[01:07:14] [modloading-worker-0/INFO] - betterthirdperson: 1.9.0
[01:07:14] [modloading-worker-0/INFO] - beyond_earth: 6.2
[01:07:14] [modloading-worker-0/INFO] - biomesoplenty: 0.0NONE
[01:07:14] [modloading-worker-0/INFO] - blue_skies: 1.3.12
[01:07:14] [modloading-worker-0/INFO] - blueprint: 5.5.0
[01:07:14] [modloading-worker-0/INFO] - bookshelf: 13.3.56
[01:07:14] [modloading-worker-0/INFO] - born_in_chaos_v1: 1.0.0
[01:07:14] [modloading-worker-0/INFO] - borzoi_dogs: 1.0.0
[01:07:14] [modloading-worker-0/INFO] - botania: 1.18.2-435
[01:07:14] [modloading-worker-0/INFO] - byg: 1.4
[01:07:14] [modloading-worker-0/INFO] - bygonenether: 1.3.0
[01:07:14] [modloading-worker-0/INFO] - canary: 0.2.3
[01:07:14] [modloading-worker-0/INFO] - capybaramod: 0.0.1
[01:07:14] [modloading-worker-0/INFO] - cat_jam: 1.0.1
[01:07:14] [modloading-worker-0/INFO] - cataclysm: 1.0
[01:07:14] [modloading-worker-0/INFO] - chipped: 2.0.1
[01:07:14] [modloading-worker-0/INFO] - chococraft: 0.5.2
[01:07:14] [modloading-worker-0/INFO] - chunky: 1.2.164
[01:07:14] [modloading-worker-0/INFO] - citadel: 1.11.3
[01:07:14] [modloading-worker-0/INFO] - cloth_config: 6.5.102
[01:07:14] [modloading-worker-0/INFO] - clumps: 8.0.0+17
[01:07:14] [modloading-worker-0/INFO] - cmdcam: 2.0.16
[01:07:14] [modloading-worker-0/INFO] - configmenusforge: 3.2.0
[01:07:14] [modloading-worker-0/INFO] - conjurer_illager: 1.1.1
[01:07:14] [modloading-worker-0/INFO] - connectivity: 1.18.2-3.2
[01:07:14] [modloading-worker-0/INFO] - controlling: 9.0+23
[01:07:14] [modloading-worker-0/INFO] - copperoverhaul: 22.10.11
[01:07:14] [modloading-worker-0/INFO] - cosmeticarmorreworked: 1.18.2-v2a
[01:07:14] [modloading-worker-0/INFO] - creativecore: 0.0NONE
[01:07:14] [modloading-worker-0/INFO] - creeperoverhaul: 1.3.1
[01:07:14] [modloading-worker-0/INFO] - crittersandcompanions: 1.18.2-1.0.2
[01:07:14] [modloading-worker-0/INFO] - croptopia: 2.1.0
[01:07:14] [modloading-worker-0/INFO] - croptopia_additions: 2.0.0.
[01:07:14] [modloading-worker-0/INFO] - culllessleaves: 1.18.2-1.0.5
[01:07:14] [modloading-worker-0/INFO] - curios: 1.18.2-5.0.9.1
[01:07:14] [modloading-worker-0/INFO] - damagetilt: 0.1.1
[01:07:14] [modloading-worker-0/INFO] - darkerdepths: 1.18.2-1.0.6-patch4
[01:07:14] [modloading-worker-0/INFO] - debugify: 1.11.0
[01:07:14] [modloading-worker-0/INFO] - defaultoptions: 14.1.2
[01:07:14] [modloading-worker-0/INFO] - deuf: 1.18.2-1.3
[01:07:14] [modloading-worker-0/INFO] - dragonfight: 1.18.2-2.2
[01:07:14] [modloading-worker-0/INFO] - dreadsteel: 1.18.2-1.1.4.2
[01:07:14] [modloading-worker-0/INFO] - drippyloadingscreen: 2.2.2
[01:07:14] [modloading-worker-0/INFO] - dual_riders: 1.1.1
[01:07:14] [modloading-worker-0/INFO] - dummmmmmy: 1.18-1.5.2
[01:07:14] [modloading-worker-0/INFO] - dungeoncrawl: 2.3.14
[01:07:14] [modloading-worker-0/INFO] - dungeons_arise: 2.1.52-1.18.2
[01:07:14] [modloading-worker-0/INFO] - dungeons_enhanced: 3.2.1
[01:07:14] [modloading-worker-0/INFO] - effective_fg: 1.2.4
[01:07:14] [modloading-worker-0/INFO] - elevatorid: 1.18.2-1.8.4
[01:07:14] [modloading-worker-0/INFO] - emojiful: 1.18.2-3.0.1
[01:07:14] [modloading-worker-0/INFO] - emotecraft: 2.2.7-b.build.50
[01:07:14] [modloading-worker-0/INFO] - enchdesc: 10.0.12
[01:07:14] [modloading-worker-0/INFO] - endlessbiomes: 1.0.0
[01:07:14] [modloading-worker-0/INFO] - ends_delight: 1.18.2-1.2
[01:07:14] [modloading-worker-0/INFO] - exoticbirds: 1.8.0
[01:07:14] [modloading-worker-0/INFO] - expandability: 6.0.0
[01:07:14] [modloading-worker-0/INFO] - eyesinthedarkness: 1.2.7
[01:07:14] [modloading-worker-0/INFO] - fairylights: 5.0.0
[01:07:14] [modloading-worker-0/INFO] - fakename: 1.3.5
[01:07:14] [modloading-worker-0/INFO] - fallingleaves: 1.3.2
[01:07:14] [modloading-worker-0/INFO] - fancymenu: 2.14.7
[01:07:14] [modloading-worker-0/INFO] - farmersdelight: 1.18.2-1.2.2
[01:07:14] [modloading-worker-0/INFO] - farsight_view: 1.18.2-1.9
[01:07:14] [modloading-worker-0/INFO] - fasterladderclimbing: 0.2.4
[01:07:14] [modloading-worker-0/INFO] - feature_nbt_deadlock_be_gone: 2.0.0+1.18.2
[01:07:14] [modloading-worker-0/INFO] - ferritecore: 4.2.2
[01:07:14] [modloading-worker-0/INFO] - fixmyspawnr: 1.0.0
[01:07:14] [modloading-worker-0/INFO] - flashnpcs: 1.1.4v2
[01:07:14] [modloading-worker-0/INFO] - flytre_lib: 1.8.2
[01:07:14] [modloading-worker-0/INFO] - forge: 40.2.21
[01:07:14] [modloading-worker-0/INFO] - forgeendertech: 9.0.7.0
[01:07:14] [modloading-worker-0/INFO] - framedblocks: 5.11.5
[01:07:14] [modloading-worker-0/INFO] - friendsandfoes: 1.4.7
[01:07:14] [modloading-worker-0/INFO] - furnish: 1.18-0.6-fix1
[01:07:14] [modloading-worker-0/INFO] - galosphere: 1.18.2-1.2.2
[01:07:14] [modloading-worker-0/INFO] - geckolib3: 3.0.57
[01:07:14] [modloading-worker-0/INFO] - getittogetherdrops: 1.3
[01:07:14] [modloading-worker-0/INFO] - goblintraders: 1.8.0
[01:07:14] [modloading-worker-0/INFO] - graveyard: 1.9.7
[01:07:14] [modloading-worker-0/INFO] - hexerei: 0.2.2
[01:07:14] [modloading-worker-0/INFO] - highlighter: 1.1.2
[01:07:14] [modloading-worker-0/INFO] - hunterillager: 1.18.2-4.0.0
[01:07:14] [modloading-worker-0/INFO] - iceandfire: 2.1.12-1.18.2
[01:07:14] [modloading-worker-0/INFO] - iceberg: 1.0.49
[01:07:14] [modloading-worker-0/INFO] - identity: 2.3.1-1.18.2
[01:07:14] [modloading-worker-0/INFO] - illageandspillage: 1.1.3
[01:07:14] [modloading-worker-0/INFO] - immersiveengineering: 1.18.2-8.3.1-157
[01:07:14] [modloading-worker-0/INFO] - infernalmobs: 1.18.6
[01:07:14] [modloading-worker-0/INFO] - inventoryhud: 3.4.12
[01:07:14] [modloading-worker-0/INFO] - inversia: 0.2.0
[01:07:14] [modloading-worker-0/INFO] - itemfilters: 1802.2.8-build.50
[01:07:14] [modloading-worker-0/INFO] - jade: 5.3.0
[01:07:14] [modloading-worker-0/INFO] - jei: 9.9999
[01:07:14] [modloading-worker-0/INFO] - kiwiboi: 1.18.2-1.0.0
[01:07:14] [modloading-worker-0/INFO] - konkrete: 1.6.1
[01:07:14] [modloading-worker-0/INFO] - lazydfu: 0.1.3
[01:07:14] [modloading-worker-0/INFO] - letmedespawn: 0.0NONE
[01:07:14] [modloading-worker-0/INFO] - libraryferret: 4.0.0
[01:07:14] [modloading-worker-0/INFO] - libx: 1.18.2-3.2.19
[01:07:14] [modloading-worker-0/INFO] - logbegone: 1.0.4
[01:07:14] [modloading-worker-0/INFO] - mantle: 1.9.45
[01:07:14] [modloading-worker-0/INFO] - maxwell_the_carryable_cat: 1.0.2
[01:07:14] [modloading-worker-0/INFO] - mcwbridges: 2.1.0
[01:07:14] [modloading-worker-0/INFO] - mcwfences: 1.0.7
[01:07:14] [modloading-worker-0/INFO] - mcwpaintings: 1.0.4
[01:07:14] [modloading-worker-0/INFO] - mcwtrpdoors: 1.1.1
[01:07:14] [modloading-worker-0/INFO] - mcwwindows: 2.1.1
[01:07:14] [modloading-worker-0/INFO] - meetyourfight: 1.18.2-1.2.5
[01:07:14] [modloading-worker-0/INFO] - mekanism: 10.2.5
[01:07:14] [modloading-worker-0/INFO] - mekanismadditions: 10.2.5
[01:07:14] [modloading-worker-0/INFO] - mekanismgenerators: 10.2.5
[01:07:14] [modloading-worker-0/INFO] - mekanismtools: 10.2.5
[01:07:14] [modloading-worker-0/INFO] - memorysweep: 1.18.2-0.8
[01:07:14] [modloading-worker-0/INFO] - minecraft: 1.18.2
[01:07:14] [modloading-worker-0/INFO] - minepop: 1.0.0
[01:07:14] [modloading-worker-0/INFO] - modonomicon: 1.18.2-1.33.1
[01:07:14] [modloading-worker-0/INFO] - mowziesmobs: 1.5.32
[01:07:14] [modloading-worker-0/INFO] - multibeds: 1.9.10
[01:07:14] [modloading-worker-0/INFO] - multiworld: 1.4.1
[01:07:14] [modloading-worker-0/INFO] - mvs: 3.0.8-1.18.2
[01:07:14] [modloading-worker-0/INFO] - mythicbotany: 1.18.2-2.1.14
[01:07:14] [modloading-worker-0/INFO] - naturescompass: 1.18.2-1.9.7-forge
[01:07:14] [modloading-worker-0/INFO] - necromancer_and_giantskeleton: 1.0.0
[01:07:14] [modloading-worker-0/INFO] - nethersdelight: 2.2
[01:07:14] [modloading-worker-0/INFO] - nourished_nether: 1.2
[01:07:14] [modloading-worker-0/INFO] - obscure_api: 10
[01:07:14] [modloading-worker-0/INFO] - occultism: 1.18.2-1.81.1
[01:07:14] [modloading-worker-0/INFO] - paraglider: 1.6.0.6
[01:07:14] [modloading-worker-0/INFO] - patchouli: 1.18.2-71.1
[01:07:14] [modloading-worker-0/INFO] - pehkui: 3.7.7+1.18.2-forge
[01:07:14] [modloading-worker-0/INFO] - piglin_expansion: 1.1.0
[01:07:14] [modloading-worker-0/INFO] - playeranimator: 1.0.2+1.18
[01:07:14] [modloading-worker-0/INFO] - playerrevive: 2.0.13
[01:07:14] [modloading-worker-0/INFO] - polylib: 1801.0.2-build.13
[01:07:14] [modloading-worker-0/INFO] - polymorph: 1.18.2-0.49
[01:07:14] [modloading-worker-0/INFO] - puzzleslib: 3.4.5
[01:07:14] [modloading-worker-0/INFO] - rei_plugin_compatibilities: 8.0.46
[01:07:14] [modloading-worker-0/INFO] - repurposed_structures: 5.1.14+1.18.2
[01:07:14] [modloading-worker-0/INFO] - responsiveshields: 2.2
[01:07:14] [modloading-worker-0/INFO] - rootsclassic: 1.18.2-1.1.31
[01:07:14] [modloading-worker-0/INFO] - roughlyenoughitems: 8.3.618
[01:07:14] [modloading-worker-0/INFO] - rslamps_plus: 1.4.0
[01:07:14] [modloading-worker-0/INFO] - securitycraft: 1.9.7
[01:07:14] [modloading-worker-0/INFO] - selene: 1.18.2-1.17.9
[01:07:14] [modloading-worker-0/INFO] - shetiphiancore: 3.10.16
[01:07:14] [modloading-worker-0/INFO] - shieldexp: 1.1.6
[01:07:14] [modloading-worker-0/INFO] - shutupexperimentalsettings: 1.0.4
[01:07:14] [modloading-worker-0/INFO] - simplerpc: 3.2.2
[01:07:14] [modloading-worker-0/INFO] - slimy_stuff: 1.0.9
[01:07:14] [modloading-worker-0/INFO] - smartbrainlib: 1.9
[01:07:14] [modloading-worker-0/INFO] - smoothboot: 0.0.2
[01:07:14] [modloading-worker-0/INFO] - smoothchunk: 1.18.2-1.9
[01:07:14] [modloading-worker-0/INFO] - sons_of_sins: 1.1.1
[01:07:14] [modloading-worker-0/INFO] - sophisticatedbackpacks: 1.18.2-3.18.57.888
[01:07:14] [modloading-worker-0/INFO] - sophisticatedcore: 1.18.2-0.5.77.360
[01:07:14] [modloading-worker-0/INFO] - spark: 1.10.38
[01:07:14] [modloading-worker-0/INFO] - spiderstpo: 2.0.3
[01:07:14] [modloading-worker-0/INFO] - stalwart_dungeons: 1.2.8
[01:07:14] [modloading-worker-0/INFO] - starlight: 1.0.2+forge.83663de
[01:07:14] [modloading-worker-0/INFO] - structure_gel: 2.4.7
[01:07:14] [modloading-worker-0/INFO] - supermartijn642configlib: 1.1.7
[01:07:14] [modloading-worker-0/INFO] - supermartijn642corelib: 1.1.10
[01:07:14] [modloading-worker-0/INFO] - supplementaries: 1.18.2-1.5.18
[01:07:14] [modloading-worker-0/INFO] - swingthroughgrass: 1.18.2-1.9.1
[01:07:14] [modloading-worker-0/INFO] - tconstruct: 3.6.4.113
[01:07:14] [modloading-worker-0/INFO] - terrablender: 1.2.0.126
[01:07:14] [modloading-worker-0/INFO] - the_bumblezone: 5.1.2+1.18.2
[01:07:14] [modloading-worker-0/INFO] - tipsmod: 5.0.11
[01:07:14] [modloading-worker-0/INFO] - tombstone: 7.6.5
[01:07:14] [modloading-worker-0/INFO] - trashslot: 11.0.3
[01:07:14] [modloading-worker-0/INFO] - tropicraft: 9.4.0
[01:07:14] [modloading-worker-0/INFO] - twilightforest: 4.1.1494
[01:07:14] [modloading-worker-0/INFO] - undergarden: 0.7.1
[01:07:14] [modloading-worker-0/INFO] - unstructured: 0.4
[01:07:14] [modloading-worker-0/INFO] - unusual_drill_mod: 2.0
[01:07:14] [modloading-worker-0/INFO] - unusualend: 1.4.3
[01:07:14] [modloading-worker-0/INFO] - upgrade_aquatic: 4.0.0
[01:07:14] [modloading-worker-0/INFO] - visualworkbench: 3.3.0
[01:07:14] [modloading-worker-0/INFO] - voicechat: 1.18.2-2.4.12
[01:07:14] [modloading-worker-0/INFO] - waila: 5.3.0
[01:07:14] [modloading-worker-0/INFO] - waterdripsound: 0.3.0
[01:07:14] [modloading-worker-0/INFO] - waterframes: 1.3.1e
[01:07:14] [modloading-worker-0/INFO] - waystones: 10.2.1
[01:07:14] [modloading-worker-0/INFO] - worldedit: 7.2.10+1742f98
[01:07:14] [modloading-worker-0/INFO] - xaeroworldmap: 1.30.6
[01:07:14] [modloading-worker-0/INFO] - xlpackets: 1.18.2-2.1
[01:07:14] [modloading-worker-0/INFO] - yungsapi: 1.18.2-Forge-2.2.9
[01:07:14] [modloading-worker-0/INFO] - yungsbridges: 1.18.2-Forge-2.1.0
[01:07:14] [modloading-worker-0/INFO] ========================================
[01:07:14] [modloading-worker-0/INFO] [REI] Registered plugin provider REI Plugin Compatibilities Server Handler [rei_plugin_compatibilities, jei] for REIPlugin
[01:07:14] [modloading-worker-0/INFO] [REI] Registered plugin provider DefaultPluginImpl [roughlyenoughitems] for REIServerPlugin
[01:07:14] [modloading-worker-0/INFO] [REI] Registered plugin provider DefaultPluginImpl [roughlyenoughitems] for REIPlugin
[01:07:14] [modloading-worker-0/INFO] [REI] Registered plugin provider DefaultRuntimePlugin [roughlyenoughitems] for REIServerPlugin
[01:07:14] [modloading-worker-0/INFO] [REI] Registered plugin provider DefaultRuntimePlugin [roughlyenoughitems] for REIPlugin
[01:07:14] [modloading-worker-0/INFO] [REI] Registered plugin provider REI Plugin Compatibilities Server Handler [rei_plugin_compatibilities, jei] for REIServerPlugin
[01:07:55] [Worker-Main2/DEBUG] [REI] Processed 0 tags in 71.61 μs for minecraft:worldgen/configured_structure_feature
[01:07:55] [Worker-Main1/DEBUG] [REI] Processed 0 tags in 11.10 μs for minecraft:dimension_type
[01:07:56] [Worker-Main2/DEBUG] [REI] Processed 0 tags in 278.1 μs for minecraft:worldgen/biome
[01:07:56] [Worker-Main1/DEBUG] [REI] Processed 2 tags in 1.180 ms for minecraft:game_event
[01:07:56] [Worker-Main1/DEBUG] [REI] Processed 173 tags in 476.1 μs for minecraft:fluid
[01:07:57] [Worker-Main2/DEBUG] [REI] Processed 1 tags in 34.13 μs for minecraft:mob_effect
[01:07:57] [Worker-Main2/DEBUG] [REI] Processed 20 tags in 42.39 μs for minecraft:enchantment
[01:07:57] [Worker-Main1/DEBUG] [REI] Processed 1416 tags in 15.22 ms for minecraft:block
[01:07:57] [Worker-Main2/DEBUG] [REI] Processed 144 tags in 378.4 μs for minecraft:entity_type
[01:07:58] [Worker-Main2/DEBUG] [REI] Processed 4 tags in 106.6 μs for minecraft:block_entity_type
[01:07:58] [Worker-Main1/DEBUG] [REI] Processed 2547 tags in 10.20 ms for minecraft:item
[01:08:03] [Worker-Main2/DEBUG] [REI] Processed 1 tags in 19.73 μs for minecraft:worldgen/structure_feature
[01:08:06] [Worker-Main1/DEBUG] [REI] Processed 5 tags in 19.87 μs for mekanism:gas
[01:08:07] [Worker-Main1/DEBUG] [REI] Processed 2 tags in 20.69 μs for mekanism:slurry
[01:08:07] [Worker-Main1/DEBUG] [REI] Processed 8 tags in 20.64 μs for mekanism:infuse_type
[01:08:21] [Worker-Main1/DEBUG] [REI] ========================================
[01:08:21] [Worker-Main1/DEBUG] [REI] REIPlugin starting pre-reload for START.
[01:08:21] [Worker-Main1/DEBUG] [REI] Reloadables (7):
[01:08:21] [Worker-Main1/DEBUG] [REI]  - EntryTypeRegistryImpl
[01:08:21] [Worker-Main1/DEBUG] [REI]  - EntrySettingsAdapterRegistryImpl
[01:08:21] [Worker-Main1/DEBUG] [REI]  - RecipeManagerContextImpl
[01:08:21] [Worker-Main1/DEBUG] [REI]  - ItemComparatorRegistryImpl
[01:08:21] [Worker-Main1/DEBUG] [REI]  - FluidComparatorRegistryImpl
[01:08:21] [Worker-Main1/DEBUG] [REI]  - DisplaySerializerRegistryImpl
[01:08:21] [Worker-Main1/DEBUG] [REI]  - FluidSupportProviderImpl
[01:08:21] [Worker-Main1/DEBUG] [REI] Plugins (3):
[01:08:21] [Worker-Main1/DEBUG] [REI]  - (-100.00) DefaultPluginImpl of DefaultPluginImpl [roughlyenoughitems]
[01:08:21] [Worker-Main1/DEBUG] [REI]  - (0.00) DefaultRuntimePlugin of DefaultRuntimePlugin [roughlyenoughitems]
[01:08:21] [Worker-Main1/DEBUG] [REI]  - (0.00) REI Plugin Compatibilities Server Handler of REI Plugin Compatibilities Server Handler [rei_plugin_compatibilities, jei]
[01:08:21] [Worker-Main1/DEBUG] [REI] ========================================
[01:08:21] [Worker-Main1/TRACE] [REI] [REIPlugin START] Reloading Section: "pre-register/"
[01:08:21] [Worker-Main1/TRACE] [REI] [REIPlugin START] Reloading Section: "pre-register/DefaultPluginImpl of DefaultPluginImpl [roughlyenoughitems]/"
[01:08:21] [Worker-Main1/TRACE] [REI] [REIPlugin START] Reloading Section: "pre-register/DefaultPluginImpl of DefaultPluginImpl [roughlyenoughitems]/" done in 769.2 μs
[01:08:21] [Worker-Main1/TRACE] [REI] [REIPlugin START] Reloading Section: "pre-register/DefaultRuntimePlugin of DefaultRuntimePlugin [roughlyenoughitems]/"
[01:08:21] [Worker-Main1/TRACE] [REI] [REIPlugin START] Reloading Section: "pre-register/DefaultRuntimePlugin of DefaultRuntimePlugin [roughlyenoughitems]/" done in 10.61 μs
[01:08:21] [Worker-Main1/TRACE] [REI] [REIPlugin START] Reloading Section: "pre-register/REI Plugin Compatibilities Server Handler of REI Plugin Compatibilities Server Handler [rei_plugin_compatibilities, jei]/"
[01:08:21] [Worker-Main1/TRACE] [REI] [REIPlugin START] Reloading Section: "pre-register/REI Plugin Compatibilities Server Handler of REI Plugin Compatibilities Server Handler [rei_plugin_compatibilities, jei]/" done in 8.777 μs
[01:08:21] [Worker-Main1/TRACE] [REI] [REIPlugin START] Reloading Section: "pre-register/" done in 8.880 ms
[01:08:21] [Worker-Main1/DEBUG] [REI] ========================================
[01:08:21] [Worker-Main1/DEBUG] [REI] REIPlugin finished pre-reload for START in 12.36 ms.
[01:08:21] [Worker-Main1/DEBUG] [REI] ========================================
[01:08:21] [Worker-Main1/DEBUG] [REI] ========================================
[01:08:21] [Worker-Main1/DEBUG] [REI] REIServerPlugin starting pre-reload for START.
[01:08:21] [Worker-Main1/DEBUG] [REI] Reloadables (1):
[01:08:21] [Worker-Main1/DEBUG] [REI]  - MenuInfoRegistryImpl
[01:08:21] [Worker-Main1/DEBUG] [REI] Plugins (3):
[01:08:21] [Worker-Main1/DEBUG] [REI]  - (-100.00) DefaultPluginImpl of DefaultPluginImpl [roughlyenoughitems]
[01:08:21] [Worker-Main1/DEBUG] [REI]  - (0.00) REI Plugin Compatibilities Server Handler of REI Plugin Compatibilities Server Handler [rei_plugin_compatibilities, jei]
[01:08:21] [Worker-Main1/DEBUG] [REI]  - (0.00) DefaultRuntimePlugin of DefaultRuntimePlugin [roughlyenoughitems]
[01:08:21] [Worker-Main1/DEBUG] [REI] ========================================
[01:08:21] [Worker-Main1/TRACE] [REI] [REIServerPlugin START] Reloading Section: "pre-register/"
[01:08:21] [Worker-Main1/TRACE] [REI] [REIServerPlugin START] Reloading Section: "pre-register/DefaultPluginImpl of DefaultPluginImpl [roughlyenoughitems]/"
[01:08:21] [Worker-Main1/TRACE] [REI] [REIServerPlugin START] Reloading Section: "pre-register/DefaultPluginImpl of DefaultPluginImpl [roughlyenoughitems]/" done in 12.21 μs
[01:08:21] [Worker-Main1/TRACE] [REI] [REIServerPlugin START] Reloading Section: "pre-register/REI Plugin Compatibilities Server Handler of REI Plugin Compatibilities Server Handler [rei_plugin_compatibilities, jei]/"
[01:08:21] [Worker-Main1/TRACE] [REI] [REIServerPlugin START] Reloading Section: "pre-register/REI Plugin Compatibilities Server Handler of REI Plugin Compatibilities Server Handler [rei_plugin_compatibilities, jei]/" done in 9.478 μs
[01:08:21] [Worker-Main1/TRACE] [REI] [REIServerPlugin START] Reloading Section: "pre-register/DefaultRuntimePlugin of DefaultRuntimePlugin [roughlyenoughitems]/"
[01:08:21] [Worker-Main1/TRACE] [REI] [REIServerPlugin START] Reloading Section: "pre-register/DefaultRuntimePlugin of DefaultRuntimePlugin [roughlyenoughitems]/" done in 7.625 μs
[01:08:21] [Worker-Main1/TRACE] [REI] [REIServerPlugin START] Reloading Section: "pre-register/" done in 395.9 μs
[01:08:21] [Worker-Main1/DEBUG] [REI] ========================================
[01:08:21] [Worker-Main1/DEBUG] [REI] REIServerPlugin finished pre-reload for START in 497.0 μs.
[01:08:21] [Worker-Main1/DEBUG] [REI] ========================================
[01:08:21] [Worker-Main1/INFO] [REI] ~~~~~~~~~~~~~~~~~~~~~~~~~~~~~~~~~~~~~~~~
[01:08:21] [Worker-Main1/INFO] [REI] REIPlugin starting main-reload for START.
[01:08:21] [Worker-Main1/DEBUG] [REI] Reloadables (7):
[01:08:21] [Worker-Main1/DEBUG] [REI]  - EntryTypeRegistryImpl
[01:08:21] [Worker-Main1/DEBUG] [REI]  - EntrySettingsAdapterRegistryImpl
[01:08:21] [Worker-Main1/DEBUG] [REI]  - RecipeManagerContextImpl
[01:08:21] [Worker-Main1/DEBUG] [REI]  - ItemComparatorRegistryImpl
[01:08:21] [Worker-Main1/DEBUG] [REI]  - FluidComparatorRegistryImpl
[01:08:21] [Worker-Main1/DEBUG] [REI]  - DisplaySerializerRegistryImpl
[01:08:21] [Worker-Main1/DEBUG] [REI]  - FluidSupportProviderImpl
[01:08:21] [Worker-Main1/INFO] [REI] Plugins (3):
[01:08:21] [Worker-Main1/INFO] [REI]  - (-100.00) DefaultPluginImpl of DefaultPluginImpl [roughlyenoughitems]
[01:08:21] [Worker-Main1/INFO] [REI]  - (0.00) DefaultRuntimePlugin of DefaultRuntimePlugin [roughlyenoughitems]
[01:08:21] [Worker-Main1/INFO] [REI]  - (0.00) REI Plugin Compatibilities Server Handler of REI Plugin Compatibilities Server Handler [rei_plugin_compatibilities, jei]
[01:08:21] [Worker-Main1/INFO] [REI] ~~~~~~~~~~~~~~~~~~~~~~~~~~~~~~~~~~~~~~~~
[01:08:21] [Worker-Main1/TRACE] [REI] [REIPlugin START] Reloading Section: "start-reload/"
[01:08:21] [Worker-Main1/TRACE] [REI] [REIPlugin START] Reloading Section: "start-reload/EntryTypeRegistryImpl/"
[01:08:21] [Worker-Main1/TRACE] [REI] [REIPlugin START] Reloading Section: "start-reload/EntryTypeRegistryImpl/" done in 247.0 μs
[01:08:21] [Worker-Main1/TRACE] [REI] [REIPlugin START] Reloading Section: "start-reload/EntrySettingsAdapterRegistryImpl/"
[01:08:21] [Worker-Main1/TRACE] [REI] [REIPlugin START] Reloading Section: "start-reload/EntrySettingsAdapterRegistryImpl/" done in 10.53 μs
[01:08:21] [Worker-Main1/TRACE] [REI] [REIPlugin START] Reloading Section: "start-reload/RecipeManagerContextImpl/"
[01:08:21] [Worker-Main1/TRACE] [REI] [REIPlugin START] Reloading Section: "start-reload/RecipeManagerContextImpl/" done in 7.113 μs
[01:08:21] [Worker-Main1/TRACE] [REI] [REIPlugin START] Reloading Section: "start-reload/ItemComparatorRegistryImpl/"
[01:08:21] [Worker-Main1/TRACE] [REI] [REIPlugin START] Reloading Section: "start-reload/ItemComparatorRegistryImpl/" done in 29.83 μs
[01:08:21] [Worker-Main1/TRACE] [REI] [REIPlugin START] Reloading Section: "start-reload/FluidComparatorRegistryImpl/"
[01:08:21] [Worker-Main1/TRACE] [REI] [REIPlugin START] Reloading Section: "start-reload/FluidComparatorRegistryImpl/" done in 10.56 μs
[01:08:21] [Worker-Main1/TRACE] [REI] [REIPlugin START] Reloading Section: "start-reload/DisplaySerializerRegistryImpl/"
[01:08:21] [Worker-Main1/TRACE] [REI] [REIPlugin START] Reloading Section: "start-reload/DisplaySerializerRegistryImpl/" done in 6.592 μs
[01:08:21] [Worker-Main1/TRACE] [REI] [REIPlugin START] Reloading Section: "start-reload/FluidSupportProviderImpl/"
[01:08:21] [Worker-Main1/TRACE] [REI] [REIPlugin START] Reloading Section: "start-reload/FluidSupportProviderImpl/" done in 21.11 μs
[01:08:21] [Worker-Main1/TRACE] [REI] [REIPlugin START] Reloading Section: "start-reload/" done in 1.215 ms
[01:08:21] [Worker-Main1/DEBUG] [REI] ========================================
[01:08:21] [Worker-Main1/DEBUG] [REI] REIPlugin started main-reload for START.
[01:08:21] [Worker-Main1/DEBUG] [REI] ========================================
[01:08:21] [Worker-Main1/TRACE] [REI] [REIPlugin START] Reloading Section: "reloadable-plugin/EntryTypeRegistryImpl/"
[01:08:21] [Worker-Main1/TRACE] [REI] [REIPlugin START] Reloading Section: "reloadable-plugin/EntryTypeRegistryImpl/DefaultPluginImpl of DefaultPluginImpl [roughlyenoughitems]/"
[01:08:21] [Worker-Main1/TRACE] [REI] [REIPlugin START] Reloading Section: "reloadable-plugin/EntryTypeRegistryImpl/DefaultPluginImpl of DefaultPluginImpl [roughlyenoughitems]/" done in 163.1 μs
[01:08:21] [Worker-Main1/TRACE] [REI] [REIPlugin START] Reloading Section: "reloadable-plugin/EntryTypeRegistryImpl/DefaultRuntimePlugin of DefaultRuntimePlugin [roughlyenoughitems]/"
[01:08:21] [Worker-Main1/TRACE] [REI] [REIPlugin START] Reloading Section: "reloadable-plugin/EntryTypeRegistryImpl/DefaultRuntimePlugin of DefaultRuntimePlugin [roughlyenoughitems]/" done in 7.920 ms
[01:08:21] [Worker-Main1/TRACE] [REI] [REIPlugin START] Reloading Section: "reloadable-plugin/EntryTypeRegistryImpl/REI Plugin Compatibilities Server Handler of REI Plugin Compatibilities Server Handler [rei_plugin_compatibilities, jei]/"
[01:08:21] [Worker-Main1/TRACE] [REI] [REIPlugin START] Reloading Section: "reloadable-plugin/EntryTypeRegistryImpl/REI Plugin Compatibilities Server Handler of REI Plugin Compatibilities Server Handler [rei_plugin_compatibilities, jei]/" done in 37.39 μs
[01:08:21] [Worker-Main1/TRACE] [REI] [REIPlugin START] Reloading Section: "reloadable-plugin/EntryTypeRegistryImpl/" done in 8.827 ms
[01:08:21] [Worker-Main1/TRACE] [REI] [REIPlugin START] Reloading Section: "reloadable-plugin/EntrySettingsAdapterRegistryImpl/"
[01:08:21] [Worker-Main1/TRACE] [REI] [REIPlugin START] Reloading Section: "reloadable-plugin/EntrySettingsAdapterRegistryImpl/DefaultPluginImpl of DefaultPluginImpl [roughlyenoughitems]/"
[01:08:21] [Worker-Main1/TRACE] [REI] [REIPlugin START] Reloading Section: "reloadable-plugin/EntrySettingsAdapterRegistryImpl/DefaultPluginImpl of DefaultPluginImpl [roughlyenoughitems]/" done in 11.29 μs
[01:08:21] [Worker-Main1/TRACE] [REI] [REIPlugin START] Reloading Section: "reloadable-plugin/EntrySettingsAdapterRegistryImpl/DefaultRuntimePlugin of DefaultRuntimePlugin [roughlyenoughitems]/"
[01:08:21] [Worker-Main1/TRACE] [REI] [REIPlugin START] Reloading Section: "reloadable-plugin/EntrySettingsAdapterRegistryImpl/DefaultRuntimePlugin of DefaultRuntimePlugin [roughlyenoughitems]/" done in 11.09 μs
[01:08:21] [Worker-Main1/TRACE] [REI] [REIPlugin START] Reloading Section: "reloadable-plugin/EntrySettingsAdapterRegistryImpl/REI Plugin Compatibilities Server Handler of REI Plugin Compatibilities Server Handler [rei_plugin_compatibilities, jei]/"
[01:08:21] [Worker-Main1/TRACE] [REI] [REIPlugin START] Reloading Section: "reloadable-plugin/EntrySettingsAdapterRegistryImpl/REI Plugin Compatibilities Server Handler of REI Plugin Compatibilities Server Handler [rei_plugin_compatibilities, jei]/" done in 12.52 μs
[01:08:21] [Worker-Main1/TRACE] [REI] [REIPlugin START] Reloading Section: "reloadable-plugin/EntrySettingsAdapterRegistryImpl/" done in 399.9 μs
[01:08:21] [Worker-Main1/TRACE] [REI] [REIPlugin START] Reloading Section: "reloadable-plugin/RecipeManagerContextImpl/"
[01:08:21] [Worker-Main1/TRACE] [REI] [REIPlugin START] Reloading Section: "reloadable-plugin/RecipeManagerContextImpl/DefaultPluginImpl of DefaultPluginImpl [roughlyenoughitems]/"
[01:08:21] [Worker-Main1/TRACE] [REI] [REIPlugin START] Reloading Section: "reloadable-plugin/RecipeManagerContextImpl/DefaultPluginImpl of DefaultPluginImpl [roughlyenoughitems]/" done in 21.78 μs
[01:08:21] [Worker-Main1/TRACE] [REI] [REIPlugin START] Reloading Section: "reloadable-plugin/RecipeManagerContextImpl/DefaultRuntimePlugin of DefaultRuntimePlugin [roughlyenoughitems]/"
[01:08:21] [Worker-Main1/TRACE] [REI] [REIPlugin START] Reloading Section: "reloadable-plugin/RecipeManagerContextImpl/DefaultRuntimePlugin of DefaultRuntimePlugin [roughlyenoughitems]/" done in 29.23 μs
[01:08:21] [Worker-Main1/TRACE] [REI] [REIPlugin START] Reloading Section: "reloadable-plugin/RecipeManagerContextImpl/REI Plugin Compatibilities Server Handler of REI Plugin Compatibilities Server Handler [rei_plugin_compatibilities, jei]/"
[01:08:21] [Worker-Main1/TRACE] [REI] [REIPlugin START] Reloading Section: "reloadable-plugin/RecipeManagerContextImpl/REI Plugin Compatibilities Server Handler of REI Plugin Compatibilities Server Handler [rei_plugin_compatibilities, jei]/" done in 11.50 μs
[01:08:21] [Worker-Main1/TRACE] [REI] [REIPlugin START] Reloading Section: "reloadable-plugin/RecipeManagerContextImpl/" done in 432.4 μs
[01:08:21] [Worker-Main1/TRACE] [REI] [REIPlugin START] Reloading Section: "reloadable-plugin/ItemComparatorRegistryImpl/"
[01:08:21] [Worker-Main1/TRACE] [REI] [REIPlugin START] Reloading Section: "reloadable-plugin/ItemComparatorRegistryImpl/DefaultPluginImpl of DefaultPluginImpl [roughlyenoughitems]/"
[01:08:21] [Worker-Main1/TRACE] [REI] [REIPlugin START] Reloading Section: "reloadable-plugin/ItemComparatorRegistryImpl/DefaultPluginImpl of DefaultPluginImpl [roughlyenoughitems]/" done in 539.7 μs
[01:08:21] [Worker-Main1/TRACE] [REI] [REIPlugin START] Reloading Section: "reloadable-plugin/ItemComparatorRegistryImpl/DefaultRuntimePlugin of DefaultRuntimePlugin [roughlyenoughitems]/"
[01:08:21] [Worker-Main1/TRACE] [REI] [REIPlugin START] Reloading Section: "reloadable-plugin/ItemComparatorRegistryImpl/DefaultRuntimePlugin of DefaultRuntimePlugin [roughlyenoughitems]/" done in 13.93 μs
[01:08:21] [Worker-Main1/TRACE] [REI] [REIPlugin START] Reloading Section: "reloadable-plugin/ItemComparatorRegistryImpl/REI Plugin Compatibilities Server Handler of REI Plugin Compatibilities Server Handler [rei_plugin_compatibilities, jei]/"
[01:08:21] [Worker-Main1/TRACE] [REI] [REIPlugin START] Reloading Section: "reloadable-plugin/ItemComparatorRegistryImpl/REI Plugin Compatibilities Server Handler of REI Plugin Compatibilities Server Handler [rei_plugin_compatibilities, jei]/" done in 11.79 μs
[01:08:21] [Worker-Main1/TRACE] [REI] [REIPlugin START] Reloading Section: "reloadable-plugin/ItemComparatorRegistryImpl/" done in 997.9 μs
[01:08:21] [Worker-Main1/TRACE] [REI] [REIPlugin START] Reloading Section: "reloadable-plugin/FluidComparatorRegistryImpl/"
[01:08:21] [Worker-Main1/TRACE] [REI] [REIPlugin START] Reloading Section: "reloadable-plugin/FluidComparatorRegistryImpl/DefaultPluginImpl of DefaultPluginImpl [roughlyenoughitems]/"
[01:08:21] [Worker-Main1/TRACE] [REI] [REIPlugin START] Reloading Section: "reloadable-plugin/FluidComparatorRegistryImpl/DefaultPluginImpl of DefaultPluginImpl [roughlyenoughitems]/" done in 17.32 μs
[01:08:21] [Worker-Main1/TRACE] [REI] [REIPlugin START] Reloading Section: "reloadable-plugin/FluidComparatorRegistryImpl/DefaultRuntimePlugin of DefaultRuntimePlugin [roughlyenoughitems]/"
[01:08:21] [Worker-Main1/TRACE] [REI] [REIPlugin START] Reloading Section: "reloadable-plugin/FluidComparatorRegistryImpl/DefaultRuntimePlugin of DefaultRuntimePlugin [roughlyenoughitems]/" done in 11.24 μs
[01:08:21] [Worker-Main1/TRACE] [REI] [REIPlugin START] Reloading Section: "reloadable-plugin/FluidComparatorRegistryImpl/REI Plugin Compatibilities Server Handler of REI Plugin Compatibilities Server Handler [rei_plugin_compatibilities, jei]/"
[01:08:21] [Worker-Main1/TRACE] [REI] [REIPlugin START] Reloading Section: "reloadable-plugin/FluidComparatorRegistryImpl/REI Plugin Compatibilities Server Handler of REI Plugin Compatibilities Server Handler [rei_plugin_compatibilities, jei]/" done in 11.20 μs
[01:08:21] [Worker-Main1/TRACE] [REI] [REIPlugin START] Reloading Section: "reloadable-plugin/FluidComparatorRegistryImpl/" done in 385.1 μs
[01:08:21] [Worker-Main1/TRACE] [REI] [REIPlugin START] Reloading Section: "reloadable-plugin/DisplaySerializerRegistryImpl/"
[01:08:21] [Worker-Main1/TRACE] [REI] [REIPlugin START] Reloading Section: "reloadable-plugin/DisplaySerializerRegistryImpl/DefaultPluginImpl of DefaultPluginImpl [roughlyenoughitems]/"
[01:08:21] [Worker-Main1/TRACE] [REI] [REIPlugin START] Reloading Section: "reloadable-plugin/DisplaySerializerRegistryImpl/DefaultPluginImpl of DefaultPluginImpl [roughlyenoughitems]/" done in 11.05 μs
[01:08:21] [Worker-Main1/TRACE] [REI] [REIPlugin START] Reloading Section: "reloadable-plugin/DisplaySerializerRegistryImpl/DefaultRuntimePlugin of DefaultRuntimePlugin [roughlyenoughitems]/"
[01:08:21] [Worker-Main1/TRACE] [REI] [REIPlugin START] Reloading Section: "reloadable-plugin/DisplaySerializerRegistryImpl/DefaultRuntimePlugin of DefaultRuntimePlugin [roughlyenoughitems]/" done in 10.41 μs
[01:08:21] [Worker-Main1/TRACE] [REI] [REIPlugin START] Reloading Section: "reloadable-plugin/DisplaySerializerRegistryImpl/REI Plugin Compatibilities Server Handler of REI Plugin Compatibilities Server Handler [rei_plugin_compatibilities, jei]/"
[01:08:21] [Worker-Main1/TRACE] [REI] [REIPlugin START] Reloading Section: "reloadable-plugin/DisplaySerializerRegistryImpl/REI Plugin Compatibilities Server Handler of REI Plugin Compatibilities Server Handler [rei_plugin_compatibilities, jei]/" done in 10.34 μs
[01:08:21] [Worker-Main1/TRACE] [REI] [REIPlugin START] Reloading Section: "reloadable-plugin/DisplaySerializerRegistryImpl/" done in 378.4 μs
[01:08:21] [Worker-Main1/TRACE] [REI] [REIPlugin START] Reloading Section: "reloadable-plugin/FluidSupportProviderImpl/"
[01:08:21] [Worker-Main1/TRACE] [REI] [REIPlugin START] Reloading Section: "reloadable-plugin/FluidSupportProviderImpl/DefaultPluginImpl of DefaultPluginImpl [roughlyenoughitems]/"
[01:08:21] [Worker-Main1/TRACE] [REI] [REIPlugin START] Reloading Section: "reloadable-plugin/FluidSupportProviderImpl/DefaultPluginImpl of DefaultPluginImpl [roughlyenoughitems]/" done in 548.9 μs
[01:08:21] [Worker-Main1/TRACE] [REI] [REIPlugin START] Reloading Section: "reloadable-plugin/FluidSupportProviderImpl/DefaultRuntimePlugin of DefaultRuntimePlugin [roughlyenoughitems]/"
[01:08:21] [Worker-Main1/TRACE] [REI] [REIPlugin START] Reloading Section: "reloadable-plugin/FluidSupportProviderImpl/DefaultRuntimePlugin of DefaultRuntimePlugin [roughlyenoughitems]/" done in 13.40 μs
[01:08:21] [Worker-Main1/TRACE] [REI] [REIPlugin START] Reloading Section: "reloadable-plugin/FluidSupportProviderImpl/REI Plugin Compatibilities Server Handler of REI Plugin Compatibilities Server Handler [rei_plugin_compatibilities, jei]/"
[01:08:21] [Worker-Main1/TRACE] [REI] [REIPlugin START] Reloading Section: "reloadable-plugin/FluidSupportProviderImpl/REI Plugin Compatibilities Server Handler of REI Plugin Compatibilities Server Handler [rei_plugin_compatibilities, jei]/" done in 11.68 μs
[01:08:21] [Worker-Main1/TRACE] [REI] [REIPlugin START] Reloading Section: "reloadable-plugin/FluidSupportProviderImpl/" done in 972.7 μs
[01:08:21] [Worker-Main1/DEBUG] [REI] ========================================
[01:08:21] [Worker-Main1/DEBUG] [REI] REIPlugin ending main-reload for START.
[01:08:21] [Worker-Main1/DEBUG] [REI] ========================================
[01:08:21] [Worker-Main1/TRACE] [REI] [REIPlugin START] Reloading Section: "end-reload/"
[01:08:21] [Worker-Main1/TRACE] [REI] [REIPlugin START] Reloading Section: "end-reload/EntryTypeRegistryImpl/"
[01:08:21] [Worker-Main1/TRACE] [REI] [REIPlugin START] Reloading Section: "end-reload/EntryTypeRegistryImpl/" done in 11.90 μs
[01:08:21] [Worker-Main1/TRACE] [REI] [REIPlugin START] Reloading Section: "end-reload/EntrySettingsAdapterRegistryImpl/"
[01:08:21] [Worker-Main1/TRACE] [REI] [REIPlugin START] Reloading Section: "end-reload/EntrySettingsAdapterRegistryImpl/" done in 5.741 μs
[01:08:21] [Worker-Main1/TRACE] [REI] [REIPlugin START] Reloading Section: "end-reload/RecipeManagerContextImpl/"
[01:08:21] [Worker-Main1/TRACE] [REI] [REIPlugin START] Reloading Section: "end-reload/RecipeManagerContextImpl/" done in 5.761 μs
[01:08:21] [Worker-Main1/TRACE] [REI] [REIPlugin START] Reloading Section: "end-reload/ItemComparatorRegistryImpl/"
[01:08:21] [Worker-Main1/TRACE] [REI] [REIPlugin START] Reloading Section: "end-reload/ItemComparatorRegistryImpl/" done in 5.380 μs
[01:08:21] [Worker-Main1/TRACE] [REI] [REIPlugin START] Reloading Section: "end-reload/FluidComparatorRegistryImpl/"
[01:08:21] [Worker-Main1/TRACE] [REI] [REIPlugin START] Reloading Section: "end-reload/FluidComparatorRegistryImpl/" done in 5.339 μs
[01:08:21] [Worker-Main1/TRACE] [REI] [REIPlugin START] Reloading Section: "end-reload/DisplaySerializerRegistryImpl/"
[01:08:21] [Worker-Main1/TRACE] [REI] [REIPlugin START] Reloading Section: "end-reload/DisplaySerializerRegistryImpl/" done in 5.410 μs
[01:08:21] [Worker-Main1/TRACE] [REI] [REIPlugin START] Reloading Section: "end-reload/FluidSupportProviderImpl/"
[01:08:21] [Worker-Main1/TRACE] [REI] [REIPlugin START] Reloading Section: "end-reload/FluidSupportProviderImpl/" done in 6.532 μs
[01:08:21] [Worker-Main1/TRACE] [REI] [REIPlugin START] Reloading Section: "end-reload/" done in 996.3 μs
[01:08:21] [Worker-Main1/DEBUG] [REI] ========================================
[01:08:21] [Worker-Main1/DEBUG] [REI] REIPlugin ended main-reload for START in 17.23 ms.
[01:08:21] [Worker-Main1/DEBUG] [REI] ========================================
[01:08:21] [Worker-Main1/INFO] [REI] OOOOOOOOOOOOOOOOOOOOOOOOOOOOOOOOOOOOOOOO
[01:08:21] [Worker-Main1/INFO] [REI] REIServerPlugin starting main-reload for START.
[01:08:21] [Worker-Main1/DEBUG] [REI] Reloadables (1):
[01:08:21] [Worker-Main1/DEBUG] [REI]  - MenuInfoRegistryImpl
[01:08:21] [Worker-Main1/INFO] [REI] Plugins (3):
[01:08:21] [Worker-Main1/INFO] [REI]  - (-100.00) DefaultPluginImpl of DefaultPluginImpl [roughlyenoughitems]
[01:08:21] [Worker-Main1/INFO] [REI]  - (0.00) REI Plugin Compatibilities Server Handler of REI Plugin Compatibilities Server Handler [rei_plugin_compatibilities, jei]
[01:08:21] [Worker-Main1/INFO] [REI]  - (0.00) DefaultRuntimePlugin of DefaultRuntimePlugin [roughlyenoughitems]
[01:08:21] [Worker-Main1/INFO] [REI] OOOOOOOOOOOOOOOOOOOOOOOOOOOOOOOOOOOOOOOO
[01:08:21] [Worker-Main1/TRACE] [REI] [REIServerPlugin START] Reloading Section: "start-reload/"
[01:08:21] [Worker-Main1/TRACE] [REI] [REIServerPlugin START] Reloading Section: "start-reload/MenuInfoRegistryImpl/"
[01:08:21] [Worker-Main1/TRACE] [REI] [REIServerPlugin START] Reloading Section: "start-reload/MenuInfoRegistryImpl/" done in 7.394 μs
[01:08:21] [Worker-Main1/TRACE] [REI] [REIServerPlugin START] Reloading Section: "start-reload/" done in 105.8 μs
[01:08:21] [Worker-Main1/DEBUG] [REI] ========================================
[01:08:21] [Worker-Main1/DEBUG] [REI] REIServerPlugin started main-reload for START.
[01:08:21] [Worker-Main1/DEBUG] [REI] ========================================
[01:08:21] [Worker-Main1/TRACE] [REI] [REIServerPlugin START] Reloading Section: "reloadable-plugin/MenuInfoRegistryImpl/"
[01:08:21] [Worker-Main1/TRACE] [REI] [REIServerPlugin START] Reloading Section: "reloadable-plugin/MenuInfoRegistryImpl/DefaultPluginImpl of DefaultPluginImpl [roughlyenoughitems]/"
[01:08:21] [Worker-Main1/TRACE] [REI] [REIServerPlugin START] Reloading Section: "reloadable-plugin/MenuInfoRegistryImpl/DefaultPluginImpl of DefaultPluginImpl [roughlyenoughitems]/" done in 9.077 μs
[01:08:21] [Worker-Main1/TRACE] [REI] [REIServerPlugin START] Reloading Section: "reloadable-plugin/MenuInfoRegistryImpl/REI Plugin Compatibilities Server Handler of REI Plugin Compatibilities Server Handler [rei_plugin_compatibilities, jei]/"
[01:08:21] [Worker-Main1/TRACE] [REI] [REIServerPlugin START] Reloading Section: "reloadable-plugin/MenuInfoRegistryImpl/REI Plugin Compatibilities Server Handler of REI Plugin Compatibilities Server Handler [rei_plugin_compatibilities, jei]/" done in 9.268 μs
[01:08:21] [Worker-Main1/TRACE] [REI] [REIServerPlugin START] Reloading Section: "reloadable-plugin/MenuInfoRegistryImpl/DefaultRuntimePlugin of DefaultRuntimePlugin [roughlyenoughitems]/"
[01:08:21] [Worker-Main1/TRACE] [REI] [REIServerPlugin START] Reloading Section: "reloadable-plugin/MenuInfoRegistryImpl/DefaultRuntimePlugin of DefaultRuntimePlugin [roughlyenoughitems]/" done in 8.476 μs
[01:08:21] [Worker-Main1/TRACE] [REI] [REIServerPlugin START] Reloading Section: "reloadable-plugin/MenuInfoRegistryImpl/" done in 357.3 μs
[01:08:21] [Worker-Main1/DEBUG] [REI] ========================================
[01:08:21] [Worker-Main1/DEBUG] [REI] REIServerPlugin ending main-reload for START.
[01:08:21] [Worker-Main1/DEBUG] [REI] ========================================
[01:08:21] [Worker-Main1/TRACE] [REI] [REIServerPlugin START] Reloading Section: "end-reload/"
[01:08:21] [Worker-Main1/TRACE] [REI] [REIServerPlugin START] Reloading Section: "end-reload/MenuInfoRegistryImpl/"
[01:08:21] [Worker-Main1/TRACE] [REI] [REIServerPlugin START] Reloading Section: "end-reload/MenuInfoRegistryImpl/" done in 6.081 μs
[01:08:21] [Worker-Main1/TRACE] [REI] [REIServerPlugin START] Reloading Section: "end-reload/" done in 96.94 μs
[01:08:21] [Worker-Main1/DEBUG] [REI] ========================================
[01:08:21] [Worker-Main1/DEBUG] [REI] REIServerPlugin ended main-reload for START in 1.838 ms.
[01:08:21] [Worker-Main1/DEBUG] [REI] ========================================
[01:08:21] [Worker-Main1/DEBUG] [REI] ========================================
[01:08:21] [Worker-Main1/DEBUG] [REI] REIPlugin starting post-reload for START.
[01:08:21] [Worker-Main1/DEBUG] [REI] Reloadables (7):
[01:08:21] [Worker-Main1/DEBUG] [REI]  - EntryTypeRegistryImpl
[01:08:21] [Worker-Main1/DEBUG] [REI]  - EntrySettingsAdapterRegistryImpl
[01:08:21] [Worker-Main1/DEBUG] [REI]  - RecipeManagerContextImpl
[01:08:21] [Worker-Main1/DEBUG] [REI]  - ItemComparatorRegistryImpl
[01:08:21] [Worker-Main1/DEBUG] [REI]  - FluidComparatorRegistryImpl
[01:08:21] [Worker-Main1/DEBUG] [REI]  - DisplaySerializerRegistryImpl
[01:08:21] [Worker-Main1/DEBUG] [REI]  - FluidSupportProviderImpl
[01:08:21] [Worker-Main1/DEBUG] [REI] Plugins (3):
[01:08:21] [Worker-Main1/DEBUG] [REI]  - (-100.00) DefaultPluginImpl of DefaultPluginImpl [roughlyenoughitems]
[01:08:21] [Worker-Main1/DEBUG] [REI]  - (0.00) DefaultRuntimePlugin of DefaultRuntimePlugin [roughlyenoughitems]
[01:08:21] [Worker-Main1/DEBUG] [REI]  - (0.00) REI Plugin Compatibilities Server Handler of REI Plugin Compatibilities Server Handler [rei_plugin_compatibilities, jei]
[01:08:21] [Worker-Main1/DEBUG] [REI] ========================================
[01:08:21] [Worker-Main1/TRACE] [REI] [REIPlugin START] Reloading Section: "post-register/"
[01:08:21] [Worker-Main1/TRACE] [REI] [REIPlugin START] Reloading Section: "post-register/DefaultPluginImpl of DefaultPluginImpl [roughlyenoughitems]/"
[01:08:21] [Worker-Main1/TRACE] [REI] [REIPlugin START] Reloading Section: "post-register/DefaultPluginImpl of DefaultPluginImpl [roughlyenoughitems]/" done in 133.7 μs
[01:08:21] [Worker-Main1/TRACE] [REI] [REIPlugin START] Reloading Section: "post-register/DefaultRuntimePlugin of DefaultRuntimePlugin [roughlyenoughitems]/"
[01:08:21] [Worker-Main1/TRACE] [REI] [REIPlugin START] Reloading Section: "post-register/DefaultRuntimePlugin of DefaultRuntimePlugin [roughlyenoughitems]/" done in 7.634 μs
[01:08:21] [Worker-Main1/TRACE] [REI] [REIPlugin START] Reloading Section: "post-register/REI Plugin Compatibilities Server Handler of REI Plugin Compatibilities Server Handler [rei_plugin_compatibilities, jei]/"
[01:08:21] [Worker-Main1/TRACE] [REI] [REIPlugin START] Reloading Section: "post-register/REI Plugin Compatibilities Server Handler of REI Plugin Compatibilities Server Handler [rei_plugin_compatibilities, jei]/" done in 7.955 μs
[01:08:21] [Worker-Main1/TRACE] [REI] [REIPlugin START] Reloading Section: "post-register/" done in 675.8 μs
[01:08:21] [Worker-Main1/DEBUG] [REI] ========================================
[01:08:21] [Worker-Main1/INFO] [REI] REIPlugin finished post-reload for START in 787.1 μs, totaling 30.33 ms.
[01:08:21] [Worker-Main1/DEBUG] [REI] ========================================
[01:08:21] [Worker-Main1/DEBUG] [REI] ========================================
[01:08:21] [Worker-Main1/DEBUG] [REI] REIServerPlugin starting post-reload for START.
[01:08:21] [Worker-Main1/DEBUG] [REI] Reloadables (1):
[01:08:21] [Worker-Main1/DEBUG] [REI]  - MenuInfoRegistryImpl
[01:08:21] [Worker-Main1/DEBUG] [REI] Plugins (3):
[01:08:21] [Worker-Main1/DEBUG] [REI]  - (-100.00) DefaultPluginImpl of DefaultPluginImpl [roughlyenoughitems]
[01:08:21] [Worker-Main1/DEBUG] [REI]  - (0.00) REI Plugin Compatibilities Server Handler of REI Plugin Compatibilities Server Handler [rei_plugin_compatibilities, jei]
[01:08:21] [Worker-Main1/DEBUG] [REI]  - (0.00) DefaultRuntimePlugin of DefaultRuntimePlugin [roughlyenoughitems]
[01:08:21] [Worker-Main1/DEBUG] [REI] ========================================
[01:08:21] [Worker-Main1/TRACE] [REI] [REIServerPlugin START] Reloading Section: "post-register/"
[01:08:21] [Worker-Main1/TRACE] [REI] [REIServerPlugin START] Reloading Section: "post-register/DefaultPluginImpl of DefaultPluginImpl [roughlyenoughitems]/"
[01:08:21] [Worker-Main1/TRACE] [REI] [REIServerPlugin START] Reloading Section: "post-register/DefaultPluginImpl of DefaultPluginImpl [roughlyenoughitems]/" done in 8.416 μs
[01:08:21] [Worker-Main1/TRACE] [REI] [REIServerPlugin START] Reloading Section: "post-register/REI Plugin Compatibilities Server Handler of REI Plugin Compatibilities Server Handler [rei_plugin_compatibilities, jei]/"
[01:08:21] [Worker-Main1/TRACE] [REI] [REIServerPlugin START] Reloading Section: "post-register/REI Plugin Compatibilities Server Handler of REI Plugin Compatibilities Server Handler [rei_plugin_compatibilities, jei]/" done in 15.74 μs
[01:08:21] [Worker-Main1/TRACE] [REI] [REIServerPlugin START] Reloading Section: "post-register/DefaultRuntimePlugin of DefaultRuntimePlugin [roughlyenoughitems]/"
[01:08:21] [Worker-Main1/TRACE] [REI] [REIServerPlugin START] Reloading Section: "post-register/DefaultRuntimePlugin of DefaultRuntimePlugin [roughlyenoughitems]/" done in 7.024 μs
[01:08:21] [Worker-Main1/TRACE] [REI] [REIServerPlugin START] Reloading Section: "post-register/" done in 306.9 μs
[01:08:21] [Worker-Main1/DEBUG] [REI] ========================================
[01:08:21] [Worker-Main1/INFO] [REI] REIServerPlugin finished post-reload for START in 435.9 μs, totaling 2.731 ms.
[01:08:21] [Worker-Main1/DEBUG] [REI] ========================================
[01:08:21] [Worker-Main1/DEBUG] [REI] ========================================
[01:08:21] [Worker-Main1/DEBUG] [REI] REIPlugin starting pre-reload for END.
[01:08:21] [Worker-Main1/DEBUG] [REI] Reloadables (7):
[01:08:21] [Worker-Main1/DEBUG] [REI]  - EntryTypeRegistryImpl
[01:08:21] [Worker-Main1/DEBUG] [REI]  - EntrySettingsAdapterRegistryImpl
[01:08:21] [Worker-Main1/DEBUG] [REI]  - RecipeManagerContextImpl
[01:08:21] [Worker-Main1/DEBUG] [REI]  - ItemComparatorRegistryImpl
[01:08:21] [Worker-Main1/DEBUG] [REI]  - FluidComparatorRegistryImpl
[01:08:21] [Worker-Main1/DEBUG] [REI]  - DisplaySerializerRegistryImpl
[01:08:21] [Worker-Main1/DEBUG] [REI]  - FluidSupportProviderImpl
[01:08:21] [Worker-Main1/DEBUG] [REI] Plugins (3):
[01:08:21] [Worker-Main1/DEBUG] [REI]  - (-100.00) DefaultPluginImpl of DefaultPluginImpl [roughlyenoughitems]
[01:08:21] [Worker-Main1/DEBUG] [REI]  - (0.00) DefaultRuntimePlugin of DefaultRuntimePlugin [roughlyenoughitems]
[01:08:21] [Worker-Main1/DEBUG] [REI]  - (0.00) REI Plugin Compatibilities Server Handler of REI Plugin Compatibilities Server Handler [rei_plugin_compatibilities, jei]
[01:08:21] [Worker-Main1/DEBUG] [REI] ========================================
[01:08:21] [Worker-Main1/TRACE] [REI] [REIPlugin END] Reloading Section: "pre-register/"
[01:08:21] [Worker-Main1/TRACE] [REI] [REIPlugin END] Reloading Section: "pre-register/DefaultPluginImpl of DefaultPluginImpl [roughlyenoughitems]/"
[01:08:21] [Worker-Main1/TRACE] [REI] [REIPlugin END] Reloading Section: "pre-register/DefaultPluginImpl of DefaultPluginImpl [roughlyenoughitems]/" done in 16.03 μs
[01:08:21] [Worker-Main1/TRACE] [REI] [REIPlugin END] Reloading Section: "pre-register/DefaultRuntimePlugin of DefaultRuntimePlugin [roughlyenoughitems]/"
[01:08:21] [Worker-Main1/TRACE] [REI] [REIPlugin END] Reloading Section: "pre-register/DefaultRuntimePlugin of DefaultRuntimePlugin [roughlyenoughitems]/" done in 7.264 μs
[01:08:21] [Worker-Main1/TRACE] [REI] [REIPlugin END] Reloading Section: "pre-register/REI Plugin Compatibilities Server Handler of REI Plugin Compatibilities Server Handler [rei_plugin_compatibilities, jei]/"
[01:08:21] [Worker-Main1/TRACE] [REI] [REIPlugin END] Reloading Section: "pre-register/REI Plugin Compatibilities Server Handler of REI Plugin Compatibilities Server Handler [rei_plugin_compatibilities, jei]/" done in 7.474 μs
[01:08:21] [Worker-Main1/TRACE] [REI] [REIPlugin END] Reloading Section: "pre-register/" done in 416.2 μs
[01:08:21] [Worker-Main1/DEBUG] [REI] ========================================
[01:08:21] [Worker-Main1/DEBUG] [REI] REIPlugin finished pre-reload for END in 504.4 μs.
[01:08:21] [Worker-Main1/DEBUG] [REI] ========================================
[01:08:21] [Worker-Main1/DEBUG] [REI] ========================================
[01:08:21] [Worker-Main1/DEBUG] [REI] REIServerPlugin starting pre-reload for END.
[01:08:21] [Worker-Main1/DEBUG] [REI] Reloadables (1):
[01:08:21] [Worker-Main1/DEBUG] [REI]  - MenuInfoRegistryImpl
[01:08:21] [Worker-Main1/DEBUG] [REI] Plugins (3):
[01:08:21] [Worker-Main1/DEBUG] [REI]  - (-100.00) DefaultPluginImpl of DefaultPluginImpl [roughlyenoughitems]
[01:08:21] [Worker-Main1/DEBUG] [REI]  - (0.00) REI Plugin Compatibilities Server Handler of REI Plugin Compatibilities Server Handler [rei_plugin_compatibilities, jei]
[01:08:21] [Worker-Main1/DEBUG] [REI]  - (0.00) DefaultRuntimePlugin of DefaultRuntimePlugin [roughlyenoughitems]
[01:08:21] [Worker-Main1/DEBUG] [REI] ========================================
[01:08:21] [Worker-Main1/TRACE] [REI] [REIServerPlugin END] Reloading Section: "pre-register/"
[01:08:21] [Worker-Main1/TRACE] [REI] [REIServerPlugin END] Reloading Section: "pre-register/DefaultPluginImpl of DefaultPluginImpl [roughlyenoughitems]/"
[01:08:21] [Worker-Main1/TRACE] [REI] [REIServerPlugin END] Reloading Section: "pre-register/DefaultPluginImpl of DefaultPluginImpl [roughlyenoughitems]/" done in 8.325 μs
[01:08:21] [Worker-Main1/TRACE] [REI] [REIServerPlugin END] Reloading Section: "pre-register/REI Plugin Compatibilities Server Handler of REI Plugin Compatibilities Server Handler [rei_plugin_compatibilities, jei]/"
[01:08:21] [Worker-Main1/TRACE] [REI] [REIServerPlugin END] Reloading Section: "pre-register/REI Plugin Compatibilities Server Handler of REI Plugin Compatibilities Server Handler [rei_plugin_compatibilities, jei]/" done in 8.065 μs
[01:08:21] [Worker-Main1/TRACE] [REI] [REIServerPlugin END] Reloading Section: "pre-register/DefaultRuntimePlugin of DefaultRuntimePlugin [roughlyenoughitems]/"
[01:08:21] [Worker-Main1/TRACE] [REI] [REIServerPlugin END] Reloading Section: "pre-register/DefaultRuntimePlugin of DefaultRuntimePlugin [roughlyenoughitems]/" done in 7.034 μs
[01:08:21] [Worker-Main1/TRACE] [REI] [REIServerPlugin END] Reloading Section: "pre-register/" done in 306.6 μs
[01:08:21] [Worker-Main1/DEBUG] [REI] ========================================
[01:08:21] [Worker-Main1/DEBUG] [REI] REIServerPlugin finished pre-reload for END in 393.3 μs.
[01:08:21] [Worker-Main1/DEBUG] [REI] ========================================
[01:08:21] [Worker-Main1/INFO] [REI] OOOOOOOOOOOOOOOOOOOOOOOOOOOOOOOOOOOOOOOO
[01:08:21] [Worker-Main1/INFO] [REI] REIPlugin starting main-reload for END.
[01:08:21] [Worker-Main1/DEBUG] [REI] Reloadables (7):
[01:08:21] [Worker-Main1/DEBUG] [REI]  - EntryTypeRegistryImpl
[01:08:21] [Worker-Main1/DEBUG] [REI]  - EntrySettingsAdapterRegistryImpl
[01:08:21] [Worker-Main1/DEBUG] [REI]  - RecipeManagerContextImpl
[01:08:21] [Worker-Main1/DEBUG] [REI]  - ItemComparatorRegistryImpl
[01:08:21] [Worker-Main1/DEBUG] [REI]  - FluidComparatorRegistryImpl
[01:08:21] [Worker-Main1/DEBUG] [REI]  - DisplaySerializerRegistryImpl
[01:08:21] [Worker-Main1/DEBUG] [REI]  - FluidSupportProviderImpl
[01:08:21] [Worker-Main1/INFO] [REI] Plugins (3):
[01:08:21] [Worker-Main1/INFO] [REI]  - (-100.00) DefaultPluginImpl of DefaultPluginImpl [roughlyenoughitems]
[01:08:21] [Worker-Main1/INFO] [REI]  - (0.00) DefaultRuntimePlugin of DefaultRuntimePlugin [roughlyenoughitems]
[01:08:21] [Worker-Main1/INFO] [REI]  - (0.00) REI Plugin Compatibilities Server Handler of REI Plugin Compatibilities Server Handler [rei_plugin_compatibilities, jei]
[01:08:21] [Worker-Main1/INFO] [REI] OOOOOOOOOOOOOOOOOOOOOOOOOOOOOOOOOOOOOOOO
[01:08:21] [Worker-Main1/TRACE] [REI] [REIPlugin END] Reloading Section: "start-reload/"
[01:08:21] [Worker-Main1/TRACE] [REI] [REIPlugin END] Reloading Section: "start-reload/EntryTypeRegistryImpl/"
[01:08:21] [Worker-Main1/TRACE] [REI] [REIPlugin END] Reloading Section: "start-reload/EntryTypeRegistryImpl/" done in 6.422 μs
[01:08:21] [Worker-Main1/TRACE] [REI] [REIPlugin END] Reloading Section: "start-reload/EntrySettingsAdapterRegistryImpl/"
[01:08:21] [Worker-Main1/TRACE] [REI] [REIPlugin END] Reloading Section: "start-reload/EntrySettingsAdapterRegistryImpl/" done in 18.58 μs
[01:08:21] [Worker-Main1/TRACE] [REI] [REIPlugin END] Reloading Section: "start-reload/RecipeManagerContextImpl/"
[01:08:21] [Worker-Main1/TRACE] [REI] [REIPlugin END] Reloading Section: "start-reload/RecipeManagerContextImpl/" done in 6.752 μs
[01:08:21] [Worker-Main1/TRACE] [REI] [REIPlugin END] Reloading Section: "start-reload/ItemComparatorRegistryImpl/"
[01:08:21] [Worker-Main1/TRACE] [REI] [REIPlugin END] Reloading Section: "start-reload/ItemComparatorRegistryImpl/" done in 5.550 μs
[01:08:21] [Worker-Main1/TRACE] [REI] [REIPlugin END] Reloading Section: "start-reload/FluidComparatorRegistryImpl/"
[01:08:21] [Worker-Main1/TRACE] [REI] [REIPlugin END] Reloading Section: "start-reload/FluidComparatorRegistryImpl/" done in 5.530 μs
[01:08:21] [Worker-Main1/TRACE] [REI] [REIPlugin END] Reloading Section: "start-reload/DisplaySerializerRegistryImpl/"
[01:08:21] [Worker-Main1/TRACE] [REI] [REIPlugin END] Reloading Section: "start-reload/DisplaySerializerRegistryImpl/" done in 12.67 μs
[01:08:21] [Worker-Main1/TRACE] [REI] [REIPlugin END] Reloading Section: "start-reload/FluidSupportProviderImpl/"
[01:08:21] [Worker-Main1/TRACE] [REI] [REIPlugin END] Reloading Section: "start-reload/FluidSupportProviderImpl/" done in 6.322 μs
[01:08:21] [Worker-Main1/TRACE] [REI] [REIPlugin END] Reloading Section: "start-reload/" done in 779.5 μs
[01:08:21] [Worker-Main1/DEBUG] [REI] ========================================
[01:08:21] [Worker-Main1/DEBUG] [REI] REIPlugin started main-reload for END.
[01:08:21] [Worker-Main1/DEBUG] [REI] ========================================
[01:08:21] [Worker-Main1/TRACE] [REI] [REIPlugin END] Reloading Section: "reloadable-plugin/EntryTypeRegistryImpl/"
[01:08:21] [Worker-Main1/TRACE] [REI] [REIPlugin END] Reloading Section: "reloadable-plugin/EntryTypeRegistryImpl/DefaultPluginImpl of DefaultPluginImpl [roughlyenoughitems]/"
[01:08:21] [Worker-Main1/TRACE] [REI] [REIPlugin END] Reloading Section: "reloadable-plugin/EntryTypeRegistryImpl/DefaultPluginImpl of DefaultPluginImpl [roughlyenoughitems]/" done in 12.78 μs
[01:08:21] [Worker-Main1/TRACE] [REI] [REIPlugin END] Reloading Section: "reloadable-plugin/EntryTypeRegistryImpl/DefaultRuntimePlugin of DefaultRuntimePlugin [roughlyenoughitems]/"
[01:08:21] [Worker-Main1/TRACE] [REI] [REIPlugin END] Reloading Section: "reloadable-plugin/EntryTypeRegistryImpl/DefaultRuntimePlugin of DefaultRuntimePlugin [roughlyenoughitems]/" done in 12.40 μs
[01:08:21] [Worker-Main1/TRACE] [REI] [REIPlugin END] Reloading Section: "reloadable-plugin/EntryTypeRegistryImpl/REI Plugin Compatibilities Server Handler of REI Plugin Compatibilities Server Handler [rei_plugin_compatibilities, jei]/"
[01:08:21] [Worker-Main1/TRACE] [REI] [REIPlugin END] Reloading Section: "reloadable-plugin/EntryTypeRegistryImpl/REI Plugin Compatibilities Server Handler of REI Plugin Compatibilities Server Handler [rei_plugin_compatibilities, jei]/" done in 13.26 μs
[01:08:21] [Worker-Main1/TRACE] [REI] [REIPlugin END] Reloading Section: "reloadable-plugin/EntryTypeRegistryImpl/" done in 489.1 μs
[01:08:21] [Worker-Main1/TRACE] [REI] [REIPlugin END] Reloading Section: "reloadable-plugin/EntrySettingsAdapterRegistryImpl/"
[01:08:21] [Worker-Main1/TRACE] [REI] [REIPlugin END] Reloading Section: "reloadable-plugin/EntrySettingsAdapterRegistryImpl/DefaultPluginImpl of DefaultPluginImpl [roughlyenoughitems]/"
[01:08:21] [Worker-Main1/TRACE] [REI] [REIPlugin END] Reloading Section: "reloadable-plugin/EntrySettingsAdapterRegistryImpl/DefaultPluginImpl of DefaultPluginImpl [roughlyenoughitems]/" done in 18.74 μs
[01:08:21] [Worker-Main1/TRACE] [REI] [REIPlugin END] Reloading Section: "reloadable-plugin/EntrySettingsAdapterRegistryImpl/DefaultRuntimePlugin of DefaultRuntimePlugin [roughlyenoughitems]/"
[01:08:21] [Worker-Main1/TRACE] [REI] [REIPlugin END] Reloading Section: "reloadable-plugin/EntrySettingsAdapterRegistryImpl/DefaultRuntimePlugin of DefaultRuntimePlugin [roughlyenoughitems]/" done in 13.62 μs
[01:08:21] [Worker-Main1/TRACE] [REI] [REIPlugin END] Reloading Section: "reloadable-plugin/EntrySettingsAdapterRegistryImpl/REI Plugin Compatibilities Server Handler of REI Plugin Compatibilities Server Handler [rei_plugin_compatibilities, jei]/"
[01:08:21] [Worker-Main1/TRACE] [REI] [REIPlugin END] Reloading Section: "reloadable-plugin/EntrySettingsAdapterRegistryImpl/REI Plugin Compatibilities Server Handler of REI Plugin Compatibilities Server Handler [rei_plugin_compatibilities, jei]/" done in 12.43 μs
[01:08:21] [Worker-Main1/TRACE] [REI] [REIPlugin END] Reloading Section: "reloadable-plugin/EntrySettingsAdapterRegistryImpl/" done in 491.8 μs
[01:08:21] [Worker-Main1/TRACE] [REI] [REIPlugin END] Reloading Section: "reloadable-plugin/RecipeManagerContextImpl/"
[01:08:21] [Worker-Main1/TRACE] [REI] [REIPlugin END] Reloading Section: "reloadable-plugin/RecipeManagerContextImpl/DefaultPluginImpl of DefaultPluginImpl [roughlyenoughitems]/"
[01:08:21] [Worker-Main1/TRACE] [REI] [REIPlugin END] Reloading Section: "reloadable-plugin/RecipeManagerContextImpl/DefaultPluginImpl of DefaultPluginImpl [roughlyenoughitems]/" done in 13.49 μs
[01:08:21] [Worker-Main1/TRACE] [REI] [REIPlugin END] Reloading Section: "reloadable-plugin/RecipeManagerContextImpl/DefaultRuntimePlugin of DefaultRuntimePlugin [roughlyenoughitems]/"
[01:08:21] [Worker-Main1/TRACE] [REI] [REIPlugin END] Reloading Section: "reloadable-plugin/RecipeManagerContextImpl/DefaultRuntimePlugin of DefaultRuntimePlugin [roughlyenoughitems]/" done in 12.62 μs
[01:08:21] [Worker-Main1/TRACE] [REI] [REIPlugin END] Reloading Section: "reloadable-plugin/RecipeManagerContextImpl/REI Plugin Compatibilities Server Handler of REI Plugin Compatibilities Server Handler [rei_plugin_compatibilities, jei]/"
[01:08:21] [Worker-Main1/TRACE] [REI] [REIPlugin END] Reloading Section: "reloadable-plugin/RecipeManagerContextImpl/REI Plugin Compatibilities Server Handler of REI Plugin Compatibilities Server Handler [rei_plugin_compatibilities, jei]/" done in 12.84 μs
[01:08:21] [Worker-Main1/TRACE] [REI] [REIPlugin END] Reloading Section: "reloadable-plugin/RecipeManagerContextImpl/" done in 457.1 μs
[01:08:21] [Worker-Main1/TRACE] [REI] [REIPlugin END] Reloading Section: "reloadable-plugin/ItemComparatorRegistryImpl/"
[01:08:21] [Worker-Main1/TRACE] [REI] [REIPlugin END] Reloading Section: "reloadable-plugin/ItemComparatorRegistryImpl/DefaultPluginImpl of DefaultPluginImpl [roughlyenoughitems]/"
[01:08:21] [Worker-Main1/TRACE] [REI] [REIPlugin END] Reloading Section: "reloadable-plugin/ItemComparatorRegistryImpl/DefaultPluginImpl of DefaultPluginImpl [roughlyenoughitems]/" done in 8.305 μs
[01:08:21] [Worker-Main1/TRACE] [REI] [REIPlugin END] Reloading Section: "reloadable-plugin/ItemComparatorRegistryImpl/DefaultRuntimePlugin of DefaultRuntimePlugin [roughlyenoughitems]/"
[01:08:21] [Worker-Main1/TRACE] [REI] [REIPlugin END] Reloading Section: "reloadable-plugin/ItemComparatorRegistryImpl/DefaultRuntimePlugin of DefaultRuntimePlugin [roughlyenoughitems]/" done in 13.10 μs
[01:08:21] [Worker-Main1/TRACE] [REI] [REIPlugin END] Reloading Section: "reloadable-plugin/ItemComparatorRegistryImpl/REI Plugin Compatibilities Server Handler of REI Plugin Compatibilities Server Handler [rei_plugin_compatibilities, jei]/"
[01:08:21] [Worker-Main1/TRACE] [REI] [REIPlugin END] Reloading Section: "reloadable-plugin/ItemComparatorRegistryImpl/REI Plugin Compatibilities Server Handler of REI Plugin Compatibilities Server Handler [rei_plugin_compatibilities, jei]/" done in 13.24 μs
[01:08:21] [Worker-Main1/TRACE] [REI] [REIPlugin END] Reloading Section: "reloadable-plugin/ItemComparatorRegistryImpl/" done in 529.3 μs
[01:08:21] [Worker-Main1/TRACE] [REI] [REIPlugin END] Reloading Section: "reloadable-plugin/FluidComparatorRegistryImpl/"
[01:08:21] [Worker-Main1/TRACE] [REI] [REIPlugin END] Reloading Section: "reloadable-plugin/FluidComparatorRegistryImpl/DefaultPluginImpl of DefaultPluginImpl [roughlyenoughitems]/"
[01:08:21] [Worker-Main1/TRACE] [REI] [REIPlugin END] Reloading Section: "reloadable-plugin/FluidComparatorRegistryImpl/DefaultPluginImpl of DefaultPluginImpl [roughlyenoughitems]/" done in 10.82 μs
[01:08:21] [Worker-Main1/TRACE] [REI] [REIPlugin END] Reloading Section: "reloadable-plugin/FluidComparatorRegistryImpl/DefaultRuntimePlugin of DefaultRuntimePlugin [roughlyenoughitems]/"
[01:08:21] [Worker-Main1/TRACE] [REI] [REIPlugin END] Reloading Section: "reloadable-plugin/FluidComparatorRegistryImpl/DefaultRuntimePlugin of DefaultRuntimePlugin [roughlyenoughitems]/" done in 11.33 μs
[01:08:21] [Worker-Main1/TRACE] [REI] [REIPlugin END] Reloading Section: "reloadable-plugin/FluidComparatorRegistryImpl/REI Plugin Compatibilities Server Handler of REI Plugin Compatibilities Server Handler [rei_plugin_compatibilities, jei]/"
[01:08:21] [Worker-Main1/TRACE] [REI] [REIPlugin END] Reloading Section: "reloadable-plugin/FluidComparatorRegistryImpl/REI Plugin Compatibilities Server Handler of REI Plugin Compatibilities Server Handler [rei_plugin_compatibilities, jei]/" done in 11.64 μs
[01:08:21] [Worker-Main1/TRACE] [REI] [REIPlugin END] Reloading Section: "reloadable-plugin/FluidComparatorRegistryImpl/" done in 422.0 μs
[01:08:21] [Worker-Main1/TRACE] [REI] [REIPlugin END] Reloading Section: "reloadable-plugin/DisplaySerializerRegistryImpl/"
[01:08:21] [Worker-Main1/TRACE] [REI] [REIPlugin END] Reloading Section: "reloadable-plugin/DisplaySerializerRegistryImpl/DefaultPluginImpl of DefaultPluginImpl [roughlyenoughitems]/"
[01:08:21] [Worker-Main1/TRACE] [REI] [REIPlugin END] Reloading Section: "reloadable-plugin/DisplaySerializerRegistryImpl/DefaultPluginImpl of DefaultPluginImpl [roughlyenoughitems]/" done in 22.70 ms
[01:08:21] [Worker-Main1/TRACE] [REI] [REIPlugin END] Reloading Section: "reloadable-plugin/DisplaySerializerRegistryImpl/DefaultRuntimePlugin of DefaultRuntimePlugin [roughlyenoughitems]/"
[01:08:21] [Worker-Main1/TRACE] [REI] [REIPlugin END] Reloading Section: "reloadable-plugin/DisplaySerializerRegistryImpl/DefaultRuntimePlugin of DefaultRuntimePlugin [roughlyenoughitems]/" done in 22.25 μs
[01:08:21] [Worker-Main1/TRACE] [REI] [REIPlugin END] Reloading Section: "reloadable-plugin/DisplaySerializerRegistryImpl/REI Plugin Compatibilities Server Handler of REI Plugin Compatibilities Server Handler [rei_plugin_compatibilities, jei]/"
[01:08:21] [Worker-Main1/TRACE] [REI] [REIPlugin END] Reloading Section: "reloadable-plugin/DisplaySerializerRegistryImpl/REI Plugin Compatibilities Server Handler of REI Plugin Compatibilities Server Handler [rei_plugin_compatibilities, jei]/" done in 12.84 μs
[01:08:21] [Worker-Main1/TRACE] [REI] [REIPlugin END] Reloading Section: "reloadable-plugin/DisplaySerializerRegistryImpl/" done in 23.39 ms
[01:08:21] [Worker-Main1/TRACE] [REI] [REIPlugin END] Reloading Section: "reloadable-plugin/FluidSupportProviderImpl/"
[01:08:21] [Worker-Main1/TRACE] [REI] [REIPlugin END] Reloading Section: "reloadable-plugin/FluidSupportProviderImpl/DefaultPluginImpl of DefaultPluginImpl [roughlyenoughitems]/"
[01:08:21] [Worker-Main1/TRACE] [REI] [REIPlugin END] Reloading Section: "reloadable-plugin/FluidSupportProviderImpl/DefaultPluginImpl of DefaultPluginImpl [roughlyenoughitems]/" done in 13.39 μs
[01:08:21] [Worker-Main1/TRACE] [REI] [REIPlugin END] Reloading Section: "reloadable-plugin/FluidSupportProviderImpl/DefaultRuntimePlugin of DefaultRuntimePlugin [roughlyenoughitems]/"
[01:08:21] [Worker-Main1/TRACE] [REI] [REIPlugin END] Reloading Section: "reloadable-plugin/FluidSupportProviderImpl/DefaultRuntimePlugin of DefaultRuntimePlugin [roughlyenoughitems]/" done in 12.90 μs
[01:08:21] [Worker-Main1/TRACE] [REI] [REIPlugin END] Reloading Section: "reloadable-plugin/FluidSupportProviderImpl/REI Plugin Compatibilities Server Handler of REI Plugin Compatibilities Server Handler [rei_plugin_compatibilities, jei]/"
[01:08:21] [Worker-Main1/TRACE] [REI] [REIPlugin END] Reloading Section: "reloadable-plugin/FluidSupportProviderImpl/REI Plugin Compatibilities Server Handler of REI Plugin Compatibilities Server Handler [rei_plugin_compatibilities, jei]/" done in 12.15 μs
[01:08:21] [Worker-Main1/TRACE] [REI] [REIPlugin END] Reloading Section: "reloadable-plugin/FluidSupportProviderImpl/" done in 576.7 μs
[01:08:21] [Worker-Main1/DEBUG] [REI] ========================================
[01:08:21] [Worker-Main1/DEBUG] [REI] REIPlugin ending main-reload for END.
[01:08:21] [Worker-Main1/DEBUG] [REI] ========================================
[01:08:21] [Worker-Main1/TRACE] [REI] [REIPlugin END] Reloading Section: "end-reload/"
[01:08:21] [Worker-Main1/TRACE] [REI] [REIPlugin END] Reloading Section: "end-reload/EntryTypeRegistryImpl/"
[01:08:21] [Worker-Main1/TRACE] [REI] [REIPlugin END] Reloading Section: "end-reload/EntryTypeRegistryImpl/" done in 7.374 μs
[01:08:21] [Worker-Main1/TRACE] [REI] [REIPlugin END] Reloading Section: "end-reload/EntrySettingsAdapterRegistryImpl/"
[01:08:21] [Worker-Main1/TRACE] [REI] [REIPlugin END] Reloading Section: "end-reload/EntrySettingsAdapterRegistryImpl/" done in 5.350 μs
[01:08:21] [Worker-Main1/TRACE] [REI] [REIPlugin END] Reloading Section: "end-reload/RecipeManagerContextImpl/"
[01:08:21] [Worker-Main1/TRACE] [REI] [REIPlugin END] Reloading Section: "end-reload/RecipeManagerContextImpl/" done in 5.851 μs
[01:08:21] [Worker-Main1/TRACE] [REI] [REIPlugin END] Reloading Section: "end-reload/ItemComparatorRegistryImpl/"
[01:08:21] [Worker-Main1/TRACE] [REI] [REIPlugin END] Reloading Section: "end-reload/ItemComparatorRegistryImpl/" done in 6.843 μs
[01:08:21] [Worker-Main1/TRACE] [REI] [REIPlugin END] Reloading Section: "end-reload/FluidComparatorRegistryImpl/"
[01:08:21] [Worker-Main1/TRACE] [REI] [REIPlugin END] Reloading Section: "end-reload/FluidComparatorRegistryImpl/" done in 5.991 μs
[01:08:21] [Worker-Main1/TRACE] [REI] [REIPlugin END] Reloading Section: "end-reload/DisplaySerializerRegistryImpl/"
[01:08:21] [Worker-Main1/TRACE] [REI] [REIPlugin END] Reloading Section: "end-reload/DisplaySerializerRegistryImpl/" done in 6.071 μs
[01:08:21] [Worker-Main1/TRACE] [REI] [REIPlugin END] Reloading Section: "end-reload/FluidSupportProviderImpl/"
[01:08:21] [Worker-Main1/TRACE] [REI] [REIPlugin END] Reloading Section: "end-reload/FluidSupportProviderImpl/" done in 8.375 μs
[01:08:21] [Worker-Main1/TRACE] [REI] [REIPlugin END] Reloading Section: "end-reload/" done in 777.6 μs
[01:08:21] [Worker-Main1/DEBUG] [REI] ========================================
[01:08:21] [Worker-Main1/DEBUG] [REI] REIPlugin ended main-reload for END in 30.58 ms.
[01:08:21] [Worker-Main1/DEBUG] [REI] ========================================
[01:08:21] [Worker-Main1/INFO] [REI] ****************************************
[01:08:21] [Worker-Main1/INFO] [REI] REIServerPlugin starting main-reload for END.
[01:08:21] [Worker-Main1/DEBUG] [REI] Reloadables (1):
[01:08:21] [Worker-Main1/DEBUG] [REI]  - MenuInfoRegistryImpl
[01:08:21] [Worker-Main1/INFO] [REI] Plugins (3):
[01:08:21] [Worker-Main1/INFO] [REI]  - (-100.00) DefaultPluginImpl of DefaultPluginImpl [roughlyenoughitems]
[01:08:21] [Worker-Main1/INFO] [REI]  - (0.00) REI Plugin Compatibilities Server Handler of REI Plugin Compatibilities Server Handler [rei_plugin_compatibilities, jei]
[01:08:21] [Worker-Main1/INFO] [REI]  - (0.00) DefaultRuntimePlugin of DefaultRuntimePlugin [roughlyenoughitems]
[01:08:21] [Worker-Main1/INFO] [REI] ****************************************
[01:08:21] [Worker-Main1/TRACE] [REI] [REIServerPlugin END] Reloading Section: "start-reload/"
[01:08:21] [Worker-Main1/TRACE] [REI] [REIServerPlugin END] Reloading Section: "start-reload/MenuInfoRegistryImpl/"
[01:08:21] [Worker-Main1/TRACE] [REI] [REIServerPlugin END] Reloading Section: "start-reload/MenuInfoRegistryImpl/" done in 17.43 μs
[01:08:21] [Worker-Main1/TRACE] [REI] [REIServerPlugin END] Reloading Section: "start-reload/" done in 119.7 μs
[01:08:21] [Worker-Main1/DEBUG] [REI] ========================================
[01:08:21] [Worker-Main1/DEBUG] [REI] REIServerPlugin started main-reload for END.
[01:08:21] [Worker-Main1/DEBUG] [REI] ========================================
[01:08:21] [Worker-Main1/TRACE] [REI] [REIServerPlugin END] Reloading Section: "reloadable-plugin/MenuInfoRegistryImpl/"
[01:08:21] [Worker-Main1/TRACE] [REI] [REIServerPlugin END] Reloading Section: "reloadable-plugin/MenuInfoRegistryImpl/DefaultPluginImpl of DefaultPluginImpl [roughlyenoughitems]/"
[01:08:21] [Worker-Main1/DEBUG] [REI] Added menu info for class net.minecraft.world.inventory.CraftingMenu [minecraft:plugins/crafting]: me.shedaniel.rei.api.common.transfer.info.simple.SimpleMenuInfoProvider$$Lambda$35273/0x000074022b9219a0@41b497b
[01:08:21] [Worker-Main1/DEBUG] [REI] Added menu info for class net.minecraft.world.inventory.InventoryMenu [minecraft:plugins/crafting]: me.shedaniel.rei.api.common.transfer.info.simple.SimpleMenuInfoProvider$$Lambda$35273/0x000074022b9219a0@72897cd
[01:08:21] [Worker-Main1/DEBUG] [REI] Added menu info for class net.minecraft.world.inventory.FurnaceMenu [minecraft:plugins/smelting]: me.shedaniel.rei.api.common.transfer.info.simple.SimpleMenuInfoProvider$$Lambda$35273/0x000074022b9219a0@79bb6980
[01:08:21] [Worker-Main1/DEBUG] [REI] Added menu info for class net.minecraft.world.inventory.SmokerMenu [minecraft:plugins/smoking]: me.shedaniel.rei.api.common.transfer.info.simple.SimpleMenuInfoProvider$$Lambda$35273/0x000074022b9219a0@50c40e8b
[01:08:21] [Worker-Main1/DEBUG] [REI] Added menu info for class net.minecraft.world.inventory.BlastFurnaceMenu [minecraft:plugins/blasting]: me.shedaniel.rei.api.common.transfer.info.simple.SimpleMenuInfoProvider$$Lambda$35273/0x000074022b9219a0@78ca1c79
[01:08:21] [Worker-Main1/TRACE] [REI] [REIServerPlugin END] Reloading Section: "reloadable-plugin/MenuInfoRegistryImpl/DefaultPluginImpl of DefaultPluginImpl [roughlyenoughitems]/" done in 6.152 ms
[01:08:21] [Worker-Main1/TRACE] [REI] [REIServerPlugin END] Reloading Section: "reloadable-plugin/MenuInfoRegistryImpl/REI Plugin Compatibilities Server Handler of REI Plugin Compatibilities Server Handler [rei_plugin_compatibilities, jei]/"
[01:08:21] [Worker-Main1/DEBUG] [REI] Added generic menu info for: me.shedaniel.rei.plugincompatibilities.fkEnyfft7oi.RDXOL8eBoUO@5110816c
[01:08:21] [Worker-Main1/TRACE] [REI] [REIServerPlugin END] Reloading Section: "reloadable-plugin/MenuInfoRegistryImpl/REI Plugin Compatibilities Server Handler of REI Plugin Compatibilities Server Handler [rei_plugin_compatibilities, jei]/" done in 2.937 ms
[01:08:21] [Worker-Main1/TRACE] [REI] [REIServerPlugin END] Reloading Section: "reloadable-plugin/MenuInfoRegistryImpl/DefaultRuntimePlugin of DefaultRuntimePlugin [roughlyenoughitems]/"
[01:08:21] [Worker-Main1/TRACE] [REI] [REIServerPlugin END] Reloading Section: "reloadable-plugin/MenuInfoRegistryImpl/DefaultRuntimePlugin of DefaultRuntimePlugin [roughlyenoughitems]/" done in 17.68 μs
[01:08:21] [Worker-Main1/TRACE] [REI] [REIServerPlugin END] Reloading Section: "reloadable-plugin/MenuInfoRegistryImpl/" done in 9.568 ms
[01:08:21] [Worker-Main1/DEBUG] [REI] ========================================
[01:08:21] [Worker-Main1/DEBUG] [REI] REIServerPlugin ending main-reload for END.
[01:08:21] [Worker-Main1/DEBUG] [REI] ========================================
[01:08:21] [Worker-Main1/TRACE] [REI] [REIServerPlugin END] Reloading Section: "end-reload/"
[01:08:21] [Worker-Main1/TRACE] [REI] [REIServerPlugin END] Reloading Section: "end-reload/MenuInfoRegistryImpl/"
[01:08:21] [Worker-Main1/DEBUG] [REI] Registered 5 menu infos
[01:08:21] [Worker-Main1/TRACE] [REI] [REIServerPlugin END] Reloading Section: "end-reload/MenuInfoRegistryImpl/" done in 103.0 μs
[01:08:21] [Worker-Main1/TRACE] [REI] [REIServerPlugin END] Reloading Section: "end-reload/" done in 239.9 μs
[01:08:21] [Worker-Main1/DEBUG] [REI] ========================================
[01:08:21] [Worker-Main1/DEBUG] [REI] REIServerPlugin ended main-reload for END in 11.43 ms.
[01:08:21] [Worker-Main1/DEBUG] [REI] ========================================
[01:08:21] [Worker-Main1/DEBUG] [REI] ========================================
[01:08:21] [Worker-Main1/DEBUG] [REI] REIPlugin starting post-reload for END.
[01:08:21] [Worker-Main1/DEBUG] [REI] Reloadables (7):
[01:08:21] [Worker-Main1/DEBUG] [REI]  - EntryTypeRegistryImpl
[01:08:21] [Worker-Main1/DEBUG] [REI]  - EntrySettingsAdapterRegistryImpl
[01:08:21] [Worker-Main1/DEBUG] [REI]  - RecipeManagerContextImpl
[01:08:21] [Worker-Main1/DEBUG] [REI]  - ItemComparatorRegistryImpl
[01:08:21] [Worker-Main1/DEBUG] [REI]  - FluidComparatorRegistryImpl
[01:08:21] [Worker-Main1/DEBUG] [REI]  - DisplaySerializerRegistryImpl
[01:08:21] [Worker-Main1/DEBUG] [REI]  - FluidSupportProviderImpl
[01:08:21] [Worker-Main1/DEBUG] [REI] Plugins (3):
[01:08:21] [Worker-Main1/DEBUG] [REI]  - (-100.00) DefaultPluginImpl of DefaultPluginImpl [roughlyenoughitems]
[01:08:21] [Worker-Main1/DEBUG] [REI]  - (0.00) DefaultRuntimePlugin of DefaultRuntimePlugin [roughlyenoughitems]
[01:08:21] [Worker-Main1/DEBUG] [REI]  - (0.00) REI Plugin Compatibilities Server Handler of REI Plugin Compatibilities Server Handler [rei_plugin_compatibilities, jei]
[01:08:21] [Worker-Main1/DEBUG] [REI] ========================================
[01:08:21] [Worker-Main1/TRACE] [REI] [REIPlugin END] Reloading Section: "post-register/"
[01:08:21] [Worker-Main1/TRACE] [REI] [REIPlugin END] Reloading Section: "post-register/DefaultPluginImpl of DefaultPluginImpl [roughlyenoughitems]/"
[01:08:21] [Worker-Main1/TRACE] [REI] [REIPlugin END] Reloading Section: "post-register/DefaultPluginImpl of DefaultPluginImpl [roughlyenoughitems]/" done in 10.23 μs
[01:08:21] [Worker-Main1/TRACE] [REI] [REIPlugin END] Reloading Section: "post-register/DefaultRuntimePlugin of DefaultRuntimePlugin [roughlyenoughitems]/"
[01:08:21] [Worker-Main1/TRACE] [REI] [REIPlugin END] Reloading Section: "post-register/DefaultRuntimePlugin of DefaultRuntimePlugin [roughlyenoughitems]/" done in 7.764 μs
[01:08:21] [Worker-Main1/TRACE] [REI] [REIPlugin END] Reloading Section: "post-register/REI Plugin Compatibilities Server Handler of REI Plugin Compatibilities Server Handler [rei_plugin_compatibilities, jei]/"
[01:08:21] [Worker-Main1/TRACE] [REI] [REIPlugin END] Reloading Section: "post-register/REI Plugin Compatibilities Server Handler of REI Plugin Compatibilities Server Handler [rei_plugin_compatibilities, jei]/" done in 7.043 μs
[01:08:21] [Worker-Main1/TRACE] [REI] [REIPlugin END] Reloading Section: "post-register/" done in 274.9 μs
[01:08:21] [Worker-Main1/DEBUG] [REI] ========================================
[01:08:21] [Worker-Main1/INFO] [REI] REIPlugin finished post-reload for END in 343.5 μs, totaling 31.37 ms.
[01:08:21] [Worker-Main1/DEBUG] [REI] ========================================
[01:08:21] [Worker-Main1/DEBUG] [REI] ========================================
[01:08:21] [Worker-Main1/DEBUG] [REI] REIServerPlugin starting post-reload for END.
[01:08:21] [Worker-Main1/DEBUG] [REI] Reloadables (1):
[01:08:21] [Worker-Main1/DEBUG] [REI]  - MenuInfoRegistryImpl
[01:08:21] [Worker-Main1/DEBUG] [REI] Plugins (3):
[01:08:21] [Worker-Main1/DEBUG] [REI]  - (-100.00) DefaultPluginImpl of DefaultPluginImpl [roughlyenoughitems]
[01:08:21] [Worker-Main1/DEBUG] [REI]  - (0.00) REI Plugin Compatibilities Server Handler of REI Plugin Compatibilities Server Handler [rei_plugin_compatibilities, jei]
[01:08:21] [Worker-Main1/DEBUG] [REI]  - (0.00) DefaultRuntimePlugin of DefaultRuntimePlugin [roughlyenoughitems]
[01:08:21] [Worker-Main1/DEBUG] [REI] ========================================
[01:08:21] [Worker-Main1/TRACE] [REI] [REIServerPlugin END] Reloading Section: "post-register/"
[01:08:21] [Worker-Main1/TRACE] [REI] [REIServerPlugin END] Reloading Section: "post-register/DefaultPluginImpl of DefaultPluginImpl [roughlyenoughitems]/"
[01:08:21] [Worker-Main1/TRACE] [REI] [REIServerPlugin END] Reloading Section: "post-register/DefaultPluginImpl of DefaultPluginImpl [roughlyenoughitems]/" done in 8.025 μs
[01:08:21] [Worker-Main1/TRACE] [REI] [REIServerPlugin END] Reloading Section: "post-register/REI Plugin Compatibilities Server Handler of REI Plugin Compatibilities Server Handler [rei_plugin_compatibilities, jei]/"
[01:08:21] [Worker-Main1/TRACE] [REI] [REIServerPlugin END] Reloading Section: "post-register/REI Plugin Compatibilities Server Handler of REI Plugin Compatibilities Server Handler [rei_plugin_compatibilities, jei]/" done in 8.326 μs
[01:08:21] [Worker-Main1/TRACE] [REI] [REIServerPlugin END] Reloading Section: "post-register/DefaultRuntimePlugin of DefaultRuntimePlugin [roughlyenoughitems]/"
[01:08:21] [Worker-Main1/TRACE] [REI] [REIServerPlugin END] Reloading Section: "post-register/DefaultRuntimePlugin of DefaultRuntimePlugin [roughlyenoughitems]/" done in 7.344 μs
[01:08:21] [Worker-Main1/TRACE] [REI] [REIServerPlugin END] Reloading Section: "post-register/" done in 359.0 μs
[01:08:21] [Worker-Main1/DEBUG] [REI] ========================================
[01:08:21] [Worker-Main1/INFO] [REI] REIServerPlugin finished post-reload for END in 463.4 μs, totaling 12.23 ms.
[01:08:21] [Worker-Main1/DEBUG] [REI] ========================================
